Archive member included to satisfy reference by file (symbol)

C:/ST/STM32CubeCLT_1.18.0/GNU-tools-for-STM32/bin/../lib/gcc/arm-none-eabi/13.3.1/../../../../arm-none-eabi/lib/thumb/v7e-m+fp/hard\libc_nano.a(libc_a-exit.o)
                              C:/ST/STM32CubeCLT_1.18.0/GNU-tools-for-STM32/bin/../lib/gcc/arm-none-eabi/13.3.1/../../../../arm-none-eabi/lib/thumb/v7e-m+fp/hard/crt0.o (exit)
C:/ST/STM32CubeCLT_1.18.0/GNU-tools-for-STM32/bin/../lib/gcc/arm-none-eabi/13.3.1/../../../../arm-none-eabi/lib/thumb/v7e-m+fp/hard\libc_nano.a(libc_a-findfp.o)
                              C:/ST/STM32CubeCLT_1.18.0/GNU-tools-for-STM32/bin/../lib/gcc/arm-none-eabi/13.3.1/../../../../arm-none-eabi/lib/thumb/v7e-m+fp/hard\libc_nano.a(libc_a-exit.o) (__stdio_exit_handler)
C:/ST/STM32CubeCLT_1.18.0/GNU-tools-for-STM32/bin/../lib/gcc/arm-none-eabi/13.3.1/../../../../arm-none-eabi/lib/thumb/v7e-m+fp/hard\libc_nano.a(libc_a-fwalk.o)
                              C:/ST/STM32CubeCLT_1.18.0/GNU-tools-for-STM32/bin/../lib/gcc/arm-none-eabi/13.3.1/../../../../arm-none-eabi/lib/thumb/v7e-m+fp/hard\libc_nano.a(libc_a-findfp.o) (_fwalk_sglue)
C:/ST/STM32CubeCLT_1.18.0/GNU-tools-for-STM32/bin/../lib/gcc/arm-none-eabi/13.3.1/../../../../arm-none-eabi/lib/thumb/v7e-m+fp/hard\libc_nano.a(libc_a-stdio.o)
                              C:/ST/STM32CubeCLT_1.18.0/GNU-tools-for-STM32/bin/../lib/gcc/arm-none-eabi/13.3.1/../../../../arm-none-eabi/lib/thumb/v7e-m+fp/hard\libc_nano.a(libc_a-findfp.o) (__sread)
C:/ST/STM32CubeCLT_1.18.0/GNU-tools-for-STM32/bin/../lib/gcc/arm-none-eabi/13.3.1/../../../../arm-none-eabi/lib/thumb/v7e-m+fp/hard\libc_nano.a(libc_a-memset.o)
                              C:/ST/STM32CubeCLT_1.18.0/GNU-tools-for-STM32/bin/../lib/gcc/arm-none-eabi/13.3.1/../../../../arm-none-eabi/lib/thumb/v7e-m+fp/hard/crt0.o (memset)
C:/ST/STM32CubeCLT_1.18.0/GNU-tools-for-STM32/bin/../lib/gcc/arm-none-eabi/13.3.1/../../../../arm-none-eabi/lib/thumb/v7e-m+fp/hard\libc_nano.a(libc_a-closer.o)
                              C:/ST/STM32CubeCLT_1.18.0/GNU-tools-for-STM32/bin/../lib/gcc/arm-none-eabi/13.3.1/../../../../arm-none-eabi/lib/thumb/v7e-m+fp/hard\libc_nano.a(libc_a-stdio.o) (_close_r)
C:/ST/STM32CubeCLT_1.18.0/GNU-tools-for-STM32/bin/../lib/gcc/arm-none-eabi/13.3.1/../../../../arm-none-eabi/lib/thumb/v7e-m+fp/hard\libc_nano.a(libc_a-reent.o)
                              C:/ST/STM32CubeCLT_1.18.0/GNU-tools-for-STM32/bin/../lib/gcc/arm-none-eabi/13.3.1/../../../../arm-none-eabi/lib/thumb/v7e-m+fp/hard\libc_nano.a(libc_a-closer.o) (errno)
C:/ST/STM32CubeCLT_1.18.0/GNU-tools-for-STM32/bin/../lib/gcc/arm-none-eabi/13.3.1/../../../../arm-none-eabi/lib/thumb/v7e-m+fp/hard\libc_nano.a(libc_a-impure.o)
                              C:/ST/STM32CubeCLT_1.18.0/GNU-tools-for-STM32/bin/../lib/gcc/arm-none-eabi/13.3.1/../../../../arm-none-eabi/lib/thumb/v7e-m+fp/hard\libc_nano.a(libc_a-reent.o) (_impure_ptr)
C:/ST/STM32CubeCLT_1.18.0/GNU-tools-for-STM32/bin/../lib/gcc/arm-none-eabi/13.3.1/../../../../arm-none-eabi/lib/thumb/v7e-m+fp/hard\libc_nano.a(libc_a-lseekr.o)
                              C:/ST/STM32CubeCLT_1.18.0/GNU-tools-for-STM32/bin/../lib/gcc/arm-none-eabi/13.3.1/../../../../arm-none-eabi/lib/thumb/v7e-m+fp/hard\libc_nano.a(libc_a-stdio.o) (_lseek_r)
C:/ST/STM32CubeCLT_1.18.0/GNU-tools-for-STM32/bin/../lib/gcc/arm-none-eabi/13.3.1/../../../../arm-none-eabi/lib/thumb/v7e-m+fp/hard\libc_nano.a(libc_a-readr.o)
                              C:/ST/STM32CubeCLT_1.18.0/GNU-tools-for-STM32/bin/../lib/gcc/arm-none-eabi/13.3.1/../../../../arm-none-eabi/lib/thumb/v7e-m+fp/hard\libc_nano.a(libc_a-stdio.o) (_read_r)
C:/ST/STM32CubeCLT_1.18.0/GNU-tools-for-STM32/bin/../lib/gcc/arm-none-eabi/13.3.1/../../../../arm-none-eabi/lib/thumb/v7e-m+fp/hard\libc_nano.a(libc_a-writer.o)
                              C:/ST/STM32CubeCLT_1.18.0/GNU-tools-for-STM32/bin/../lib/gcc/arm-none-eabi/13.3.1/../../../../arm-none-eabi/lib/thumb/v7e-m+fp/hard\libc_nano.a(libc_a-stdio.o) (_write_r)
C:/ST/STM32CubeCLT_1.18.0/GNU-tools-for-STM32/bin/../lib/gcc/arm-none-eabi/13.3.1/../../../../arm-none-eabi/lib/thumb/v7e-m+fp/hard\libc_nano.a(libc_a-init.o)
                              C:/ST/STM32CubeCLT_1.18.0/GNU-tools-for-STM32/bin/../lib/gcc/arm-none-eabi/13.3.1/../../../../arm-none-eabi/lib/thumb/v7e-m+fp/hard/crt0.o (__libc_init_array)
C:/ST/STM32CubeCLT_1.18.0/GNU-tools-for-STM32/bin/../lib/gcc/arm-none-eabi/13.3.1/../../../../arm-none-eabi/lib/thumb/v7e-m+fp/hard\libc_nano.a(libc_a-lock.o)
                              C:/ST/STM32CubeCLT_1.18.0/GNU-tools-for-STM32/bin/../lib/gcc/arm-none-eabi/13.3.1/../../../../arm-none-eabi/lib/thumb/v7e-m+fp/hard\libc_nano.a(libc_a-findfp.o) (__retarget_lock_init_recursive)
C:/ST/STM32CubeCLT_1.18.0/GNU-tools-for-STM32/bin/../lib/gcc/arm-none-eabi/13.3.1/../../../../arm-none-eabi/lib/thumb/v7e-m+fp/hard\libc_nano.a(libc_a-freer.o)
[...]
Memory Configuration

Name             Origin             Length             Attributes
RAM              0x20000000         0x00020000         xrw
FLASH            0x08000000         0x00080000         xr
*default*        0x00000000         0xffffffff

Linker script and memory map

LOAD C:/ST/STM32CubeCLT_1.18.0/GNU-tools-for-STM32/bin/../lib/gcc/arm-none-eabi/13.3.1/thumb/v7e-m+fp/hard/crti.o
LOAD C:/ST/STM32CubeCLT_1.18.0/GNU-tools-for-STM32/bin/../lib/gcc/arm-none-eabi/13.3.1/thumb/v7e-m+fp/hard/crtbegin.o
LOAD C:/ST/STM32CubeCLT_1.18.0/GNU-tools-for-STM32/bin/../lib/gcc/arm-none-eabi/13.3.1/../../../../arm-none-eabi/lib/thumb/v7e-m+fp/hard/crt0.o
START GROUP
LOAD C:/ST/STM32CubeCLT_1.18.0/GNU-tools-for-STM32/bin/../lib/gcc/arm-none-eabi/13.3.1/../../../../arm-none-eabi/lib/thumb/v7e-m+fp/hard\libc_nano.a
LOAD C:/ST/STM32CubeCLT_1.18.0/GNU-tools-for-STM32/bin/../lib/gcc/arm-none-eabi/13.3.1/../../../../arm-none-eabi/lib/thumb/v7e-m+fp/hard\libm.a
END GROUP
LOAD cmake/stm32cubemx/CMakeFiles/STM32_Drivers.dir/__/__/Core/Src/system_stm32f4xx.c.obj
LOAD cmake/stm32cubemx/CMakeFiles/STM32_Drivers.dir/__/__/Drivers/STM32F4xx_HAL_Driver/Src/stm32f4xx_hal_i2c.c.obj
LOAD cmake/stm32cubemx/CMakeFiles/STM32_Drivers.dir/__/__/Drivers/STM32F4xx_HAL_Driver/Src/stm32f4xx_hal_i2c_ex.c.obj
LOAD cmake/stm32cubemx/CMakeFiles/STM32_Drivers.dir/__/__/Drivers/STM32F4xx_HAL_Driver/Src/stm32f4xx_hal_rcc.c.obj
LOAD cmake/stm32cubemx/CMakeFiles/STM32_Drivers.dir/__/__/Drivers/STM32F4xx_HAL_Driver/Src/stm32f4xx_hal_rcc_ex.c.obj
LOAD cmake/stm32cubemx/CMakeFiles/STM32_Drivers.dir/__/__/Drivers/STM32F4xx_HAL_Driver/Src/stm32f4xx_hal_flash.c.obj
LOAD cmake/stm32cubemx/CMakeFiles/STM32_Drivers.dir/__/__/Drivers/STM32F4xx_HAL_Driver/Src/stm32f4xx_hal_flash_ex.c.obj
LOAD cmake/stm32cubemx/CMakeFiles/STM32_Drivers.dir/__/__/Drivers/STM32F4xx_HAL_Driver/Src/stm32f4xx_hal_flash_ramfunc.c.obj
LOAD cmake/stm32cubemx/CMakeFiles/STM32_Drivers.dir/__/__/Drivers/STM32F4xx_HAL_Driver/Src/stm32f4xx_hal_gpio.c.obj
LOAD cmake/stm32cubemx/CMakeFiles/STM32_Drivers.dir/__/__/Drivers/STM32F4xx_HAL_Driver/Src/stm32f4xx_hal_dma_ex.c.obj
LOAD cmake/stm32cubemx/CMakeFiles/STM32_Drivers.dir/__/__/Drivers/STM32F4xx_HAL_Driver/Src/stm32f4xx_hal_dma.c.obj
LOAD cmake/stm32cubemx/CMakeFiles/STM32_Drivers.dir/__/__/Drivers/STM32F4xx_HAL_Driver/Src/stm32f4xx_hal_pwr.c.obj
LOAD cmake/stm32cubemx/CMakeFiles/STM32_Drivers.dir/__/__/Drivers/STM32F4xx_HAL_Driver/Src/stm32f4xx_hal_pwr_ex.c.obj
LOAD cmake/stm32cubemx/CMakeFiles/STM32_Drivers.dir/__/__/Drivers/STM32F4xx_HAL_Driver/Src/stm32f4xx_hal_cortex.c.obj
LOAD cmake/stm32cubemx/CMakeFiles/STM32_Drivers.dir/__/__/Drivers/STM32F4xx_HAL_Driver/Src/stm32f4xx_hal.c.obj
LOAD cmake/stm32cubemx/CMakeFiles/STM32_Drivers.dir/__/__/Drivers/STM32F4xx_HAL_Driver/Src/stm32f4xx_hal_exti.c.obj
LOAD cmake/stm32cubemx/CMakeFiles/STM32_Drivers.dir/__/__/Drivers/STM32F4xx_HAL_Driver/Src/stm32f4xx_hal_spi.c.obj
LOAD cmake/stm32cubemx/CMakeFiles/STM32_Drivers.dir/__/__/Drivers/STM32F4xx_HAL_Driver/Src/stm32f4xx_hal_tim.c.obj
LOAD cmake/stm32cubemx/CMakeFiles/STM32_Drivers.dir/__/__/Drivers/STM32F4xx_HAL_Driver/Src/stm32f4xx_hal_tim_ex.c.obj
LOAD cmake/stm32cubemx/CMakeFiles/STM32_Drivers.dir/__/__/Drivers/STM32F4xx_HAL_Driver/Src/stm32f4xx_hal_uart.c.obj
LOAD CMakeFiles/Drone.dir/Core/Src/main.c.obj
LOAD CMakeFiles/Drone.dir/Core/Src/stm32f4xx_it.c.obj
LOAD CMakeFiles/Drone.dir/Core/Src/stm32f4xx_hal_msp.c.obj
LOAD CMakeFiles/Drone.dir/Core/Src/sysmem.c.obj
LOAD CMakeFiles/Drone.dir/Core/Src/syscalls.c.obj
LOAD CMakeFiles/Drone.dir/startup_stm32f411xe.s.obj
LOAD CMakeFiles/Drone.dir/Core/Src/button.c.obj
LOAD CMakeFiles/Drone.dir/Core/Src/DHT11_22.c.obj
LOAD CMakeFiles/Drone.dir/Core/Src/scheduler.c.obj
LOAD CMakeFiles/Drone.dir/Core/Src/tasks.c.obj
LOAD CMakeFiles/Drone.dir/Core/Src/mpu9250.c.obj
START GROUP
LOAD C:/ST/STM32CubeCLT_1.18.0/GNU-tools-for-STM32/bin/../lib/gcc/arm-none-eabi/13.3.1/thumb/v7e-m+fp/hard\libgcc.a
LOAD C:/ST/STM32CubeCLT_1.18.0/GNU-tools-for-STM32/bin/../lib/gcc/arm-none-eabi/13.3.1/../../../../arm-none-eabi/lib/thumb/v7e-m+fp/hard\libg_nano.a
LOAD C:/ST/STM32CubeCLT_1.18.0/GNU-tools-for-STM32/bin/../lib/gcc/arm-none-eabi/13.3.1/../../../../arm-none-eabi/lib/thumb/v7e-m+fp/hard\libc_nano.a
END GROUP
START GROUP
LOAD C:/ST/STM32CubeCLT_1.18.0/GNU-tools-for-STM32/bin/../lib/gcc/arm-none-eabi/13.3.1/thumb/v7e-m+fp/hard\libgcc.a
LOAD C:/ST/STM32CubeCLT_1.18.0/GNU-tools-for-STM32/bin/../lib/gcc/arm-none-eabi/13.3.1/../../../../arm-none-eabi/lib/thumb/v7e-m+fp/hard\libc_nano.a
END GROUP
LOAD C:/ST/STM32CubeCLT_1.18.0/GNU-tools-for-STM32/bin/../lib/gcc/arm-none-eabi/13.3.1/thumb/v7e-m+fp/hard/crtend.o
LOAD C:/ST/STM32CubeCLT_1.18.0/GNU-tools-for-STM32/bin/../lib/gcc/arm-none-eabi/13.3.1/thumb/v7e-m+fp/hard/crtn.o
                0x20020000                        _estack = (ORIGIN (RAM) + LENGTH (RAM))
                0x00000800                        _Min_Heap_Size = 0x800
                0x00000800                        _Min_Stack_Size = 0x800

.isr_vector     0x08000000      0x198
                0x08000000                        . = ALIGN (0x4)
 *(.isr_vector)
 .isr_vector    0x08000000      0x198 CMakeFiles/Drone.dir/startup_stm32f411xe.s.obj
                0x08000000                g_pfnVectors
                0x08000198                        . = ALIGN (0x4)

.text           0x08000198     0x4a24
                0x08000198                        . = ALIGN (0x4)
 *(.text)
 .text          0x08000198       0x40 C:/ST/STM32CubeCLT_1.18.0/GNU-tools-for-STM32/bin/../lib/gcc/arm-none-eabi/13.3.1/thumb/v7e-m+fp/hard/crtbegin.o
 .text          0x080001d8       0x30 C:/ST/STM32CubeCLT_1.18.0/GNU-tools-for-STM32/bin/../lib/gcc/arm-none-eabi/13.3.1/thumb/v7e-m+fp/hard\libgcc.a(_aeabi_uldivmod.o)
                0x080001d8                __aeabi_uldivmod
 .text          0x08000208      0x2f8 C:/ST/STM32CubeCLT_1.18.0/GNU-tools-for-STM32/bin/../lib/gcc/arm-none-eabi/13.3.1/thumb/v7e-m+fp/hard\libgcc.a(_udivmoddi4.o)
                0x08000208                __udivmoddi4
 .text          0x08000500        0x4 C:/ST/STM32CubeCLT_1.18.0/GNU-tools-for-STM32/bin/../lib/gcc/arm-none-eabi/13.3.1/thumb/v7e-m+fp/hard\libgcc.a(_dvmd_tls.o)
                0x08000500                __aeabi_idiv0
                0x08000500                __aeabi_ldiv0
 *(.text*)
 .text.memset   0x08000504       0x10 C:/ST/STM32CubeCLT_1.18.0/GNU-tools-for-STM32/bin/../lib/gcc/arm-none-eabi/13.3.1/../../../../arm-none-eabi/lib/thumb/v7e-m+fp/hard\libc_nano.a(libc_a-memset.o)
                0x08000504                memset
 .text.__libc_init_array
                0x08000514       0x48 C:/ST/STM32CubeCLT_1.18.0/GNU-tools-for-STM32/bin/../lib/gcc/arm-none-eabi/13.3.1/../../../../arm-none-eabi/lib/thumb/v7e-m+fp/hard\libc_nano.a(libc_a-init.o)
                0x08000514                __libc_init_array
 .text.SystemInit
                0x0800055c       0x24 cmake/stm32cubemx/CMakeFiles/STM32_Drivers.dir/__/__/Core/Src/system_stm32f4xx.c.obj
                0x0800055c                SystemInit
 .text.HAL_I2C_Init
                0x08000580      0x288 cmake/stm32cubemx/CMakeFiles/STM32_Drivers.dir/__/__/Drivers/STM32F4xx_HAL_Driver/Src/stm32f4xx_hal_i2c.c.obj
                0x08000580                HAL_I2C_Init
 .text.HAL_RCC_OscConfig
                0x08000808      0x4f0 cmake/stm32cubemx/CMakeFiles/STM32_Drivers.dir/__/__/Drivers/STM32F4xx_HAL_Driver/Src/stm32f4xx_hal_rcc.c.obj
                0x08000808                HAL_RCC_OscConfig
 .text.HAL_RCC_ClockConfig
                0x08000cf8      0x1cc cmake/stm32cubemx/CMakeFiles/STM32_Drivers.dir/__/__/Drivers/STM32F4xx_HAL_Driver/Src/stm32f4xx_hal_rcc.c.obj
                0x08000cf8                HAL_RCC_ClockConfig
 .text.HAL_RCC_GetSysClockFreq
                0x08000ec4      0x18c cmake/stm32cubemx/CMakeFiles/STM32_Drivers.dir/__/__/Drivers/STM32F4xx_HAL_Driver/Src/stm32f4xx_hal_rcc.c.obj
                0x08000ec4                HAL_RCC_GetSysClockFreq
 .text.HAL_RCC_GetHCLKFreq
                0x08001050       0x18 cmake/stm32cubemx/CMakeFiles/STM32_Drivers.dir/__/__/Drivers/STM32F4xx_HAL_Driver/Src/stm32f4xx_hal_rcc.c.obj
                0x08001050                HAL_RCC_GetHCLKFreq
 .text.HAL_RCC_GetPCLK1Freq
                0x08001068       0x28 cmake/stm32cubemx/CMakeFiles/STM32_Drivers.dir/__/__/Drivers/STM32F4xx_HAL_Driver/Src/stm32f4xx_hal_rcc.c.obj
                0x08001068                HAL_RCC_GetPCLK1Freq
 .text.HAL_RCC_GetPCLK2Freq
                0x08001090       0x28 cmake/stm32cubemx/CMakeFiles/STM32_Drivers.dir/__/__/Drivers/STM32F4xx_HAL_Driver/Src/stm32f4xx_hal_rcc.c.obj
                0x08001090                HAL_RCC_GetPCLK2Freq
 .text.HAL_GPIO_Init
                0x080010b8      0x308 cmake/stm32cubemx/CMakeFiles/STM32_Drivers.dir/__/__/Drivers/STM32F4xx_HAL_Driver/Src/stm32f4xx_hal_gpio.c.obj
                0x080010b8                HAL_GPIO_Init
 .text.HAL_GPIO_ReadPin
                0x080013c0       0x30 cmake/stm32cubemx/CMakeFiles/STM32_Drivers.dir/__/__/Drivers/STM32F4xx_HAL_Driver/Src/stm32f4xx_hal_gpio.c.obj
                0x080013c0                HAL_GPIO_ReadPin
 .text.HAL_GPIO_WritePin
                0x080013f0       0x32 cmake/stm32cubemx/CMakeFiles/STM32_Drivers.dir/__/__/Drivers/STM32F4xx_HAL_Driver/Src/stm32f4xx_hal_gpio.c.obj
                0x080013f0                HAL_GPIO_WritePin
 .text.HAL_DMA_Abort
                0x08001422       0xe0 cmake/stm32cubemx/CMakeFiles/STM32_Drivers.dir/__/__/Drivers/STM32F4xx_HAL_Driver/Src/stm32f4xx_hal_dma.c.obj
                0x08001422                HAL_DMA_Abort
 .text.HAL_DMA_Abort_IT
                0x08001502       0x44 cmake/stm32cubemx/CMakeFiles/STM32_Drivers.dir/__/__/Drivers/STM32F4xx_HAL_Driver/Src/stm32f4xx_hal_dma.c.obj
                0x08001502                HAL_DMA_Abort_IT
 *fill*         0x08001546        0x2 
 .text.__NVIC_SetPriorityGrouping
                0x08001548       0x48 cmake/stm32cubemx/CMakeFiles/STM32_Drivers.dir/__/__/Drivers/STM32F4xx_HAL_Driver/Src/stm32f4xx_hal_cortex.c.obj
 .text.__NVIC_GetPriorityGrouping
                0x08001590       0x1c cmake/stm32cubemx/CMakeFiles/STM32_Drivers.dir/__/__/Drivers/STM32F4xx_HAL_Driver/Src/stm32f4xx_hal_cortex.c.obj
 .text.__NVIC_EnableIRQ
                0x080015ac       0x3c cmake/stm32cubemx/CMakeFiles/STM32_Drivers.dir/__/__/Drivers/STM32F4xx_HAL_Driver/Src/stm32f4xx_hal_cortex.c.obj
 .text.__NVIC_SetPriority
                0x080015e8       0x54 cmake/stm32cubemx/CMakeFiles/STM32_Drivers.dir/__/__/Drivers/STM32F4xx_HAL_Driver/Src/stm32f4xx_hal_cortex.c.obj
 .text.NVIC_EncodePriority
                0x0800163c       0x66 cmake/stm32cubemx/CMakeFiles/STM32_Drivers.dir/__/__/Drivers/STM32F4xx_HAL_Driver/Src/stm32f4xx_hal_cortex.c.obj
 *fill*         0x080016a2        0x2 
 .text.SysTick_Config
                0x080016a4       0x44 cmake/stm32cubemx/CMakeFiles/STM32_Drivers.dir/__/__/Drivers/STM32F4xx_HAL_Driver/Src/stm32f4xx_hal_cortex.c.obj
 .text.HAL_NVIC_SetPriorityGrouping
                0x080016e8       0x16 cmake/stm32cubemx/CMakeFiles/STM32_Drivers.dir/__/__/Drivers/STM32F4xx_HAL_Driver/Src/stm32f4xx_hal_cortex.c.obj
                0x080016e8                HAL_NVIC_SetPriorityGrouping
 .text.HAL_NVIC_SetPriority
                0x080016fe       0x38 cmake/stm32cubemx/CMakeFiles/STM32_Drivers.dir/__/__/Drivers/STM32F4xx_HAL_Driver/Src/stm32f4xx_hal_cortex.c.obj
                0x080016fe                HAL_NVIC_SetPriority
 .text.HAL_NVIC_EnableIRQ
                0x08001736       0x1c cmake/stm32cubemx/CMakeFiles/STM32_Drivers.dir/__/__/Drivers/STM32F4xx_HAL_Driver/Src/stm32f4xx_hal_cortex.c.obj
                0x08001736                HAL_NVIC_EnableIRQ
 .text.HAL_SYSTICK_Config
                0x08001752       0x18 cmake/stm32cubemx/CMakeFiles/STM32_Drivers.dir/__/__/Drivers/STM32F4xx_HAL_Driver/Src/stm32f4xx_hal_cortex.c.obj
                0x08001752                HAL_SYSTICK_Config
 *fill*         0x0800176a        0x2 
 .text.HAL_Init
                0x0800176c       0x44 cmake/stm32cubemx/CMakeFiles/STM32_Drivers.dir/__/__/Drivers/STM32F4xx_HAL_Driver/Src/stm32f4xx_hal.c.obj
                0x0800176c                HAL_Init
 .text.HAL_InitTick
                0x080017b0       0x60 cmake/stm32cubemx/CMakeFiles/STM32_Drivers.dir/__/__/Drivers/STM32F4xx_HAL_Driver/Src/stm32f4xx_hal.c.obj
                0x080017b0                HAL_InitTick
 .text.HAL_IncTick
                0x08001810       0x28 cmake/stm32cubemx/CMakeFiles/STM32_Drivers.dir/__/__/Drivers/STM32F4xx_HAL_Driver/Src/stm32f4xx_hal.c.obj
                0x08001810                HAL_IncTick
 .text.HAL_GetTick
                0x08001838       0x18 cmake/stm32cubemx/CMakeFiles/STM32_Drivers.dir/__/__/Drivers/STM32F4xx_HAL_Driver/Src/stm32f4xx_hal.c.obj
                0x08001838                HAL_GetTick
 .text.HAL_Delay
                0x08001850       0x48 cmake/stm32cubemx/CMakeFiles/STM32_Drivers.dir/__/__/Drivers/STM32F4xx_HAL_Driver/Src/stm32f4xx_hal.c.obj
                0x08001850                HAL_Delay
 .text.HAL_SPI_Init
                0x08001898      0x112 cmake/stm32cubemx/CMakeFiles/STM32_Drivers.dir/__/__/Drivers/STM32F4xx_HAL_Driver/Src/stm32f4xx_hal_spi.c.obj
                0x08001898                HAL_SPI_Init
 .text.HAL_TIM_Base_Init
                0x080019aa       0x9e cmake/stm32cubemx/CMakeFiles/STM32_Drivers.dir/__/__/Drivers/STM32F4xx_HAL_Driver/Src/stm32f4xx_hal_tim.c.obj
                0x080019aa                HAL_TIM_Base_Init
 .text.HAL_TIM_Base_Start
                0x08001a48       0xb4 cmake/stm32cubemx/CMakeFiles/STM32_Drivers.dir/__/__/Drivers/STM32F4xx_HAL_Driver/Src/stm32f4xx_hal_tim.c.obj
                0x08001a48                HAL_TIM_Base_Start
 .text.HAL_TIM_Base_Stop
                0x08001afc       0x4e cmake/stm32cubemx/CMakeFiles/STM32_Drivers.dir/__/__/Drivers/STM32F4xx_HAL_Driver/Src/stm32f4xx_hal_tim.c.obj
                0x08001afc                HAL_TIM_Base_Stop
 *fill*         0x08001b4a        0x2 
 .text.HAL_TIM_Base_Start_IT
                0x08001b4c       0xc4 cmake/stm32cubemx/CMakeFiles/STM32_Drivers.dir/__/__/Drivers/STM32F4xx_HAL_Driver/Src/stm32f4xx_hal_tim.c.obj
                0x08001b4c                HAL_TIM_Base_Start_IT
 .text.HAL_TIM_PWM_Init
                0x08001c10       0x9e cmake/stm32cubemx/CMakeFiles/STM32_Drivers.dir/__/__/Drivers/STM32F4xx_HAL_Driver/Src/stm32f4xx_hal_tim.c.obj
                0x08001c10                HAL_TIM_PWM_Init
 .text.HAL_TIM_IRQHandler
                0x08001cae      0x1e0 cmake/stm32cubemx/CMakeFiles/STM32_Drivers.dir/__/__/Drivers/STM32F4xx_HAL_Driver/Src/stm32f4xx_hal_tim.c.obj
                0x08001cae                HAL_TIM_IRQHandler
 *fill*         0x08001e8e        0x2 
 .text.HAL_TIM_PWM_ConfigChannel
                0x08001e90      0x184 cmake/stm32cubemx/CMakeFiles/STM32_Drivers.dir/__/__/Drivers/STM32F4xx_HAL_Driver/Src/stm32f4xx_hal_tim.c.obj
                0x08001e90                HAL_TIM_PWM_ConfigChannel
 .text.HAL_TIM_ConfigClockSource
                0x08002014      0x18e cmake/stm32cubemx/CMakeFiles/STM32_Drivers.dir/__/__/Drivers/STM32F4xx_HAL_Driver/Src/stm32f4xx_hal_tim.c.obj
                0x08002014                HAL_TIM_ConfigClockSource
 .text.HAL_TIM_OC_DelayElapsedCallback
                0x080021a2       0x14 cmake/stm32cubemx/CMakeFiles/STM32_Drivers.dir/__/__/Drivers/STM32F4xx_HAL_Driver/Src/stm32f4xx_hal_tim.c.obj
                0x080021a2                HAL_TIM_OC_DelayElapsedCallback
 .text.HAL_TIM_IC_CaptureCallback
                0x080021b6       0x14 cmake/stm32cubemx/CMakeFiles/STM32_Drivers.dir/__/__/Drivers/STM32F4xx_HAL_Driver/Src/stm32f4xx_hal_tim.c.obj
                0x080021b6                HAL_TIM_IC_CaptureCallback
 .text.HAL_TIM_PWM_PulseFinishedCallback
                0x080021ca       0x14 cmake/stm32cubemx/CMakeFiles/STM32_Drivers.dir/__/__/Drivers/STM32F4xx_HAL_Driver/Src/stm32f4xx_hal_tim.c.obj
                0x080021ca                HAL_TIM_PWM_PulseFinishedCallback
 .text.HAL_TIM_TriggerCallback
                0x080021de       0x14 cmake/stm32cubemx/CMakeFiles/STM32_Drivers.dir/__/__/Drivers/STM32F4xx_HAL_Driver/Src/stm32f4xx_hal_tim.c.obj
                0x080021de                HAL_TIM_TriggerCallback
 *fill*         0x080021f2        0x2 
 .text.TIM_Base_SetConfig
                0x080021f4      0x10c cmake/stm32cubemx/CMakeFiles/STM32_Drivers.dir/__/__/Drivers/STM32F4xx_HAL_Driver/Src/stm32f4xx_hal_tim.c.obj
                0x080021f4                TIM_Base_SetConfig
 .text.TIM_OC1_SetConfig
                0x08002300       0xcc cmake/stm32cubemx/CMakeFiles/STM32_Drivers.dir/__/__/Drivers/STM32F4xx_HAL_Driver/Src/stm32f4xx_hal_tim.c.obj
 .text.TIM_OC2_SetConfig
                0x080023cc       0xd8 cmake/stm32cubemx/CMakeFiles/STM32_Drivers.dir/__/__/Drivers/STM32F4xx_HAL_Driver/Src/stm32f4xx_hal_tim.c.obj
                0x080023cc                TIM_OC2_SetConfig
 .text.TIM_OC3_SetConfig
                0x080024a4       0xd4 cmake/stm32cubemx/CMakeFiles/STM32_Drivers.dir/__/__/Drivers/STM32F4xx_HAL_Driver/Src/stm32f4xx_hal_tim.c.obj
 .text.TIM_OC4_SetConfig
                0x08002578       0xa0 cmake/stm32cubemx/CMakeFiles/STM32_Drivers.dir/__/__/Drivers/STM32F4xx_HAL_Driver/Src/stm32f4xx_hal_tim.c.obj
 .text.TIM_TI1_ConfigInputStage
                0x08002618       0x5e cmake/stm32cubemx/CMakeFiles/STM32_Drivers.dir/__/__/Drivers/STM32F4xx_HAL_Driver/Src/stm32f4xx_hal_tim.c.obj
 .text.TIM_TI2_ConfigInputStage
                0x08002676       0x60 cmake/stm32cubemx/CMakeFiles/STM32_Drivers.dir/__/__/Drivers/STM32F4xx_HAL_Driver/Src/stm32f4xx_hal_tim.c.obj
 .text.TIM_ITRx_SetConfig
                0x080026d6       0x36 cmake/stm32cubemx/CMakeFiles/STM32_Drivers.dir/__/__/Drivers/STM32F4xx_HAL_Driver/Src/stm32f4xx_hal_tim.c.obj
 .text.TIM_ETR_SetConfig
                0x0800270c       0x40 cmake/stm32cubemx/CMakeFiles/STM32_Drivers.dir/__/__/Drivers/STM32F4xx_HAL_Driver/Src/stm32f4xx_hal_tim.c.obj
                0x0800270c                TIM_ETR_SetConfig
 .text.HAL_TIMEx_MasterConfigSynchronization
                0x0800274c       0xdc cmake/stm32cubemx/CMakeFiles/STM32_Drivers.dir/__/__/Drivers/STM32F4xx_HAL_Driver/Src/stm32f4xx_hal_tim_ex.c.obj
                0x0800274c                HAL_TIMEx_MasterConfigSynchronization
 .text.HAL_TIMEx_ConfigBreakDeadTime
                0x08002828       0xa4 cmake/stm32cubemx/CMakeFiles/STM32_Drivers.dir/__/__/Drivers/STM32F4xx_HAL_Driver/Src/stm32f4xx_hal_tim_ex.c.obj
                0x08002828                HAL_TIMEx_ConfigBreakDeadTime
 .text.HAL_TIMEx_CommutCallback
                0x080028cc       0x14 cmake/stm32cubemx/CMakeFiles/STM32_Drivers.dir/__/__/Drivers/STM32F4xx_HAL_Driver/Src/stm32f4xx_hal_tim_ex.c.obj
                0x080028cc                HAL_TIMEx_CommutCallback
 .text.HAL_TIMEx_BreakCallback
                0x080028e0       0x14 cmake/stm32cubemx/CMakeFiles/STM32_Drivers.dir/__/__/Drivers/STM32F4xx_HAL_Driver/Src/stm32f4xx_hal_tim_ex.c.obj
                0x080028e0                HAL_TIMEx_BreakCallback
 .text.HAL_UART_Init
                0x080028f4       0xa0 cmake/stm32cubemx/CMakeFiles/STM32_Drivers.dir/__/__/Drivers/STM32F4xx_HAL_Driver/Src/stm32f4xx_hal_uart.c.obj
                0x080028f4                HAL_UART_Init
 .text.HAL_UART_Receive_IT
                0x08002994       0x4a cmake/stm32cubemx/CMakeFiles/STM32_Drivers.dir/__/__/Drivers/STM32F4xx_HAL_Driver/Src/stm32f4xx_hal_uart.c.obj
                0x08002994                HAL_UART_Receive_IT
 *fill*         0x080029de        0x2 
 .text.HAL_UART_IRQHandler
                0x080029e0      0x554 cmake/stm32cubemx/CMakeFiles/STM32_Drivers.dir/__/__/Drivers/STM32F4xx_HAL_Driver/Src/stm32f4xx_hal_uart.c.obj
                0x080029e0                HAL_UART_IRQHandler
 .text.HAL_UART_TxCpltCallback
                0x08002f34       0x14 cmake/stm32cubemx/CMakeFiles/STM32_Drivers.dir/__/__/Drivers/STM32F4xx_HAL_Driver/Src/stm32f4xx_hal_uart.c.obj
                0x08002f34                HAL_UART_TxCpltCallback
 .text.HAL_UART_ErrorCallback
                0x08002f48       0x14 cmake/stm32cubemx/CMakeFiles/STM32_Drivers.dir/__/__/Drivers/STM32F4xx_HAL_Driver/Src/stm32f4xx_hal_uart.c.obj
                0x08002f48                HAL_UART_ErrorCallback
 .text.HAL_UARTEx_RxEventCallback
                0x08002f5c       0x18 cmake/stm32cubemx/CMakeFiles/STM32_Drivers.dir/__/__/Drivers/STM32F4xx_HAL_Driver/Src/stm32f4xx_hal_uart.c.obj
                0x08002f5c                HAL_UARTEx_RxEventCallback
 .text.UART_Start_Receive_IT
                0x08002f74       0x74 cmake/stm32cubemx/CMakeFiles/STM32_Drivers.dir/__/__/Drivers/STM32F4xx_HAL_Driver/Src/stm32f4xx_hal_uart.c.obj
                0x08002f74                UART_Start_Receive_IT
 .text.UART_EndRxTransfer
                0x08002fe8       0xc6 cmake/stm32cubemx/CMakeFiles/STM32_Drivers.dir/__/__/Drivers/STM32F4xx_HAL_Driver/Src/stm32f4xx_hal_uart.c.obj
 .text.UART_DMAAbortOnError
                0x080030ae       0x22 cmake/stm32cubemx/CMakeFiles/STM32_Drivers.dir/__/__/Drivers/STM32F4xx_HAL_Driver/Src/stm32f4xx_hal_uart.c.obj
 .text.UART_Transmit_IT
                0x080030d0       0xa0 cmake/stm32cubemx/CMakeFiles/STM32_Drivers.dir/__/__/Drivers/STM32F4xx_HAL_Driver/Src/stm32f4xx_hal_uart.c.obj
 .text.UART_EndTransmit_IT
                0x08003170       0x30 cmake/stm32cubemx/CMakeFiles/STM32_Drivers.dir/__/__/Drivers/STM32F4xx_HAL_Driver/Src/stm32f4xx_hal_uart.c.obj
 .text.UART_Receive_IT
                0x080031a0      0x17c cmake/stm32cubemx/CMakeFiles/STM32_Drivers.dir/__/__/Drivers/STM32F4xx_HAL_Driver/Src/stm32f4xx_hal_uart.c.obj
 .text.UART_SetConfig
                0x0800331c      0x4e8 cmake/stm32cubemx/CMakeFiles/STM32_Drivers.dir/__/__/Drivers/STM32F4xx_HAL_Driver/Src/stm32f4xx_hal_uart.c.obj
 .text.main     0x08003804       0xa4 CMakeFiles/Drone.dir/Core/Src/main.c.obj
                0x08003804                main
 .text.SystemClock_Config
                0x080038a8       0xd4 CMakeFiles/Drone.dir/Core/Src/main.c.obj
                0x080038a8                SystemClock_Config
 .text.MX_I2C1_Init
                0x0800397c       0x5c CMakeFiles/Drone.dir/Core/Src/main.c.obj
 .text.MX_SPI1_Init
                0x080039d8       0x6c CMakeFiles/Drone.dir/Core/Src/main.c.obj
 .text.MX_TIM1_Init
                0x08003a44      0x150 CMakeFiles/Drone.dir/Core/Src/main.c.obj
 .text.MX_TIM2_Init
                0x08003b94       0xa8 CMakeFiles/Drone.dir/Core/Src/main.c.obj
 .text.MX_TIM3_Init
                0x08003c3c       0x9c CMakeFiles/Drone.dir/Core/Src/main.c.obj
 .text.MX_TIM4_Init
                0x08003cd8       0xac CMakeFiles/Drone.dir/Core/Src/main.c.obj
 .text.MX_USART2_UART_Init
                0x08003d84       0x64 CMakeFiles/Drone.dir/Core/Src/main.c.obj
 .text.MX_GPIO_Init
                0x08003de8       0xec CMakeFiles/Drone.dir/Core/Src/main.c.obj
 .text.delay_us
                0x08003ed4       0x38 CMakeFiles/Drone.dir/Core/Src/main.c.obj
                0x08003ed4                delay_us
 .text.HAL_TIM_PeriodElapsedCallback
                0x08003f0c       0x1e CMakeFiles/Drone.dir/Core/Src/main.c.obj
                0x08003f0c                HAL_TIM_PeriodElapsedCallback
 *fill*         0x08003f2a        0x2 
 .text.HAL_UART_RxCpltCallback
                0x08003f2c       0x3c CMakeFiles/Drone.dir/Core/Src/main.c.obj
                0x08003f2c                HAL_UART_RxCpltCallback
 .text.Error_Handler
                0x08003f68        0xc CMakeFiles/Drone.dir/Core/Src/main.c.obj
                0x08003f68                Error_Handler
 .text.NMI_Handler
                0x08003f74        0x8 CMakeFiles/Drone.dir/Core/Src/stm32f4xx_it.c.obj
                0x08003f74                NMI_Handler
 .text.HardFault_Handler
                0x08003f7c        0x8 CMakeFiles/Drone.dir/Core/Src/stm32f4xx_it.c.obj
                0x08003f7c                HardFault_Handler
 .text.MemManage_Handler
                0x08003f84        0x8 CMakeFiles/Drone.dir/Core/Src/stm32f4xx_it.c.obj
                0x08003f84                MemManage_Handler
 .text.BusFault_Handler
                0x08003f8c        0x8 CMakeFiles/Drone.dir/Core/Src/stm32f4xx_it.c.obj
                0x08003f8c                BusFault_Handler
 .text.UsageFault_Handler
                0x08003f94        0x8 CMakeFiles/Drone.dir/Core/Src/stm32f4xx_it.c.obj
                0x08003f94                UsageFault_Handler
 .text.SVC_Handler
                0x08003f9c        0xe CMakeFiles/Drone.dir/Core/Src/stm32f4xx_it.c.obj
                0x08003f9c                SVC_Handler
 .text.DebugMon_Handler
                0x08003faa        0xe CMakeFiles/Drone.dir/Core/Src/stm32f4xx_it.c.obj
                0x08003faa                DebugMon_Handler
 .text.PendSV_Handler
                0x08003fb8        0xe CMakeFiles/Drone.dir/Core/Src/stm32f4xx_it.c.obj
                0x08003fb8                PendSV_Handler
 .text.SysTick_Handler
                0x08003fc6        0xc CMakeFiles/Drone.dir/Core/Src/stm32f4xx_it.c.obj
                0x08003fc6                SysTick_Handler
 *fill*         0x08003fd2        0x2 
 .text.TIM2_IRQHandler
                0x08003fd4       0x14 CMakeFiles/Drone.dir/Core/Src/stm32f4xx_it.c.obj
                0x08003fd4                TIM2_IRQHandler
 .text.TIM4_IRQHandler
                0x08003fe8       0x14 CMakeFiles/Drone.dir/Core/Src/stm32f4xx_it.c.obj
                0x08003fe8                TIM4_IRQHandler
 .text.USART2_IRQHandler
                0x08003ffc       0x14 CMakeFiles/Drone.dir/Core/Src/stm32f4xx_it.c.obj
                0x08003ffc                USART2_IRQHandler
 .text.HAL_MspInit
                0x08004010       0x50 CMakeFiles/Drone.dir/Core/Src/stm32f4xx_hal_msp.c.obj
                0x08004010                HAL_MspInit
 .text.HAL_I2C_MspInit
                0x08004060       0x90 CMakeFiles/Drone.dir/Core/Src/stm32f4xx_hal_msp.c.obj
                0x08004060                HAL_I2C_MspInit
 .text.HAL_SPI_MspInit
                0x080040f0       0x90 CMakeFiles/Drone.dir/Core/Src/stm32f4xx_hal_msp.c.obj
                0x080040f0                HAL_SPI_MspInit
 .text.HAL_TIM_PWM_MspInit
                0x08004180       0x44 CMakeFiles/Drone.dir/Core/Src/stm32f4xx_hal_msp.c.obj
                0x08004180                HAL_TIM_PWM_MspInit
 .text.HAL_TIM_Base_MspInit
                0x080041c4       0xb4 CMakeFiles/Drone.dir/Core/Src/stm32f4xx_hal_msp.c.obj
                0x080041c4                HAL_TIM_Base_MspInit
 .text.HAL_TIM_MspPostInit
                0x08004278       0x74 CMakeFiles/Drone.dir/Core/Src/stm32f4xx_hal_msp.c.obj
                0x08004278                HAL_TIM_MspPostInit
 .text.HAL_UART_MspInit
                0x080042ec       0xa0 CMakeFiles/Drone.dir/Core/Src/stm32f4xx_hal_msp.c.obj
                0x080042ec                HAL_UART_MspInit
 .text.Reset_Handler
                0x0800438c       0x50 CMakeFiles/Drone.dir/startup_stm32f411xe.s.obj
                0x0800438c                Reset_Handler
 .text.Default_Handler
                0x080043dc        0x2 CMakeFiles/Drone.dir/startup_stm32f411xe.s.obj
                0x080043dc                RTC_Alarm_IRQHandler
                0x080043dc                EXTI2_IRQHandler
                0x080043dc                SPI4_IRQHandler
                0x080043dc                TIM1_CC_IRQHandler
                0x080043dc                DMA2_Stream5_IRQHandler
                0x080043dc                DMA1_Stream5_IRQHandler
                0x080043dc                PVD_IRQHandler
                0x080043dc                SDIO_IRQHandler
                0x080043dc                TAMP_STAMP_IRQHandler
                0x080043dc                EXTI3_IRQHandler
                0x080043dc                TIM1_UP_TIM10_IRQHandler
                0x080043dc                I2C3_ER_IRQHandler
                0x080043dc                EXTI0_IRQHandler
                0x080043dc                I2C2_EV_IRQHandler
                0x080043dc                DMA1_Stream2_IRQHandler
                0x080043dc                FPU_IRQHandler
                0x080043dc                DMA2_Stream2_IRQHandler
                0x080043dc                SPI1_IRQHandler
                0x080043dc                TIM1_BRK_TIM9_IRQHandler
                0x080043dc                DMA2_Stream3_IRQHandler
                0x080043dc                USART6_IRQHandler
                0x080043dc                DMA2_Stream0_IRQHandler
                0x080043dc                I2C1_EV_IRQHandler
                0x080043dc                DMA1_Stream6_IRQHandler
                0x080043dc                DMA1_Stream1_IRQHandler
                0x080043dc                TIM3_IRQHandler
                0x080043dc                RCC_IRQHandler
                0x080043dc                Default_Handler
                0x080043dc                EXTI15_10_IRQHandler
                0x080043dc                ADC_IRQHandler
                0x080043dc                DMA1_Stream7_IRQHandler
                0x080043dc                SPI5_IRQHandler
                0x080043dc                TIM5_IRQHandler
                0x080043dc                DMA2_Stream7_IRQHandler
                0x080043dc                I2C3_EV_IRQHandler
                0x080043dc                EXTI9_5_IRQHandler
                0x080043dc                RTC_WKUP_IRQHandler
                0x080043dc                SPI2_IRQHandler
                0x080043dc                DMA1_Stream0_IRQHandler
                0x080043dc                EXTI4_IRQHandler
                0x080043dc                WWDG_IRQHandler
                0x080043dc                OTG_FS_WKUP_IRQHandler
                0x080043dc                TIM1_TRG_COM_TIM11_IRQHandler
                0x080043dc                EXTI1_IRQHandler
                0x080043dc                I2C2_ER_IRQHandler
                0x080043dc                DMA2_Stream1_IRQHandler
                0x080043dc                FLASH_IRQHandler
                0x080043dc                DMA2_Stream4_IRQHandler
                0x080043dc                USART1_IRQHandler
                0x080043dc                OTG_FS_IRQHandler
                0x080043dc                SPI3_IRQHandler
                0x080043dc                DMA1_Stream4_IRQHandler
                0x080043dc                I2C1_ER_IRQHandler
                0x080043dc                DMA2_Stream6_IRQHandler
                0x080043dc                DMA1_Stream3_IRQHandler
 .text.DHT11_22_Init
                0x080043de       0x58 CMakeFiles/Drone.dir/Core/Src/DHT11_22.c.obj
                0x080043de                DHT11_22_Init
 .text.DHT11_22__setToInputMode
                0x08004436       0x42 CMakeFiles/Drone.dir/Core/Src/DHT11_22.c.obj
                0x08004436                DHT11_22__setToInputMode
 .text.DHT11_22__setToOutputMode
                0x08004478       0x42 CMakeFiles/Drone.dir/Core/Src/DHT11_22.c.obj
                0x08004478                DHT11_22__setToOutputMode
 .text.DHT11_22__sendStartSignal
                0x080044ba       0xac CMakeFiles/Drone.dir/Core/Src/DHT11_22.c.obj
                0x080044ba                DHT11_22__sendStartSignal
 .text.DHT11_22__readByte
                0x08004566       0x90 CMakeFiles/Drone.dir/Core/Src/DHT11_22.c.obj
                0x08004566                DHT11_22__readByte
 .text.DHT11_22_Handle
                0x080045f6       0x74 CMakeFiles/Drone.dir/Core/Src/DHT11_22.c.obj
                0x080045f6                DHT11_22_Handle
 .text.DHT11_22_ReadHumidity
                0x0800466a       0x54 CMakeFiles/Drone.dir/Core/Src/DHT11_22.c.obj
                0x0800466a                DHT11_22_ReadHumidity
 .text.DHT11_22_ReadTemperature
                0x080046be       0x7c CMakeFiles/Drone.dir/Core/Src/DHT11_22.c.obj
                0x080046be                DHT11_22_ReadTemperature
 .text.waitForPinState
                0x0800473a       0x46 CMakeFiles/Drone.dir/Core/Src/DHT11_22.c.obj
                0x0800473a                waitForPinState
 .text.get_tick
                0x08004780       0x18 CMakeFiles/Drone.dir/Core/Src/scheduler.c.obj
                0x08004780                get_tick
 .text.SCH_Init
                0x08004798       0x24 CMakeFiles/Drone.dir/Core/Src/scheduler.c.obj
                0x08004798                SCH_Init
 .text.swap     0x080047bc       0x3a CMakeFiles/Drone.dir/Core/Src/scheduler.c.obj
                0x080047bc                swap
 *fill*         0x080047f6        0x2 
 .text.heapify_up
                0x080047f8       0x60 CMakeFiles/Drone.dir/Core/Src/scheduler.c.obj
                0x080047f8                heapify_up
 .text.heapify_down
                0x08004858       0xac CMakeFiles/Drone.dir/Core/Src/scheduler.c.obj
                0x08004858                heapify_down
 .text.SCH_Add_Task
                0x08004904       0x9c CMakeFiles/Drone.dir/Core/Src/scheduler.c.obj
                0x08004904                SCH_Add_Task
 .text.SCH_Update
                0x080049a0       0x1c CMakeFiles/Drone.dir/Core/Src/scheduler.c.obj
                0x080049a0                SCH_Update
 .text.SCH_Dispatch_Tasks
                0x080049bc       0x80 CMakeFiles/Drone.dir/Core/Src/scheduler.c.obj
                0x080049bc                SCH_Dispatch_Tasks
 .text.UART2_Init_Receive_IT
                0x08004a3c       0x34 CMakeFiles/Drone.dir/Core/Src/tasks.c.obj
                0x08004a3c                UART2_Init_Receive_IT
 .text.UART2_Receive_Handler
                0x08004a70       0x88 CMakeFiles/Drone.dir/Core/Src/tasks.c.obj
                0x08004a70                UART2_Receive_Handler
 .text.UART2_Process_Data_If_Ready
                0x08004af8       0x28 CMakeFiles/Drone.dir/Core/Src/tasks.c.obj
                0x08004af8                UART2_Process_Data_If_Ready
 .text.Process_UART2_Command
                0x08004b20       0x14 CMakeFiles/Drone.dir/Core/Src/tasks.c.obj
                0x08004b20                Process_UART2_Command
 .text.DHT_Init
                0x08004b34       0x1c CMakeFiles/Drone.dir/Core/Src/tasks.c.obj
                0x08004b34                DHT_Init
 .text.DHT_Handle
                0x08004b50       0x14 CMakeFiles/Drone.dir/Core/Src/tasks.c.obj
                0x08004b50                DHT_Handle
 .text.DHT_readTemperature
                0x08004b64       0x18 CMakeFiles/Drone.dir/Core/Src/tasks.c.obj
                0x08004b64                DHT_readTemperature
 .text.DHT_readHumidity
                0x08004b7c       0x18 CMakeFiles/Drone.dir/Core/Src/tasks.c.obj
                0x08004b7c                DHT_readHumidity
 .text.strcpy   0x08004b94       0x10 C:/ST/STM32CubeCLT_1.18.0/GNU-tools-for-STM32/bin/../lib/gcc/arm-none-eabi/13.3.1/../../../../arm-none-eabi/lib/thumb/v7e-m+fp/hard\libg_nano.a(libc_a-strcpy.o)
                0x08004b94                strcpy
 *(.glue_7)
 .glue_7        0x08004ba4        0x0 linker stubs
 *(.glue_7t)
 .glue_7t       0x08004ba4        0x0 linker stubs
 *(.eh_frame)
 .eh_frame      0x08004ba4        0x0 C:/ST/STM32CubeCLT_1.18.0/GNU-tools-for-STM32/bin/../lib/gcc/arm-none-eabi/13.3.1/thumb/v7e-m+fp/hard/crtbegin.o
 *(.init)
 .init          0x08004ba4        0x4 C:/ST/STM32CubeCLT_1.18.0/GNU-tools-for-STM32/bin/../lib/gcc/arm-none-eabi/13.3.1/thumb/v7e-m+fp/hard/crti.o
                0x08004ba4                _init
 .init          0x08004ba8        0x8 C:/ST/STM32CubeCLT_1.18.0/GNU-tools-for-STM32/bin/../lib/gcc/arm-none-eabi/13.3.1/thumb/v7e-m+fp/hard/crtn.o
 *(.fini)
 .fini          0x08004bb0        0x4 C:/ST/STM32CubeCLT_1.18.0/GNU-tools-for-STM32/bin/../lib/gcc/arm-none-eabi/13.3.1/thumb/v7e-m+fp/hard/crti.o
                0x08004bb0                _fini
 .fini          0x08004bb4        0x8 C:/ST/STM32CubeCLT_1.18.0/GNU-tools-for-STM32/bin/../lib/gcc/arm-none-eabi/13.3.1/thumb/v7e-m+fp/hard/crtn.o
                0x08004bbc                        . = ALIGN (0x4)
                0x08004bbc                        _etext = .

.vfp11_veneer   0x08004bbc        0x0
 .vfp11_veneer  0x08004bbc        0x0 linker stubs

.v4_bx          0x08004bbc        0x0
 .v4_bx         0x08004bbc        0x0 linker stubs

.iplt           0x08004bbc        0x0
 .iplt          0x08004bbc        0x0 C:/ST/STM32CubeCLT_1.18.0/GNU-tools-for-STM32/bin/../lib/gcc/arm-none-eabi/13.3.1/thumb/v7e-m+fp/hard/crtbegin.o

.rodata         0x08004bbc       0x18
                0x08004bbc                        . = ALIGN (0x4)
 *(.rodata)
 *(.rodata*)
 .rodata.AHBPrescTable
                0x08004bbc       0x10 cmake/stm32cubemx/CMakeFiles/STM32_Drivers.dir/__/__/Core/Src/system_stm32f4xx.c.obj
                0x08004bbc                AHBPrescTable
 .rodata.APBPrescTable
                0x08004bcc        0x8 cmake/stm32cubemx/CMakeFiles/STM32_Drivers.dir/__/__/Core/Src/system_stm32f4xx.c.obj
                0x08004bcc                APBPrescTable
                0x08004bd4                        . = ALIGN (0x4)

.ARM.extab      0x08004bd4        0x0
                0x08004bd4                        . = ALIGN (0x4)
 *(.ARM.extab* .gnu.linkonce.armextab.*)
                0x08004bd4                        . = ALIGN (0x4)

.ARM            0x08004bd4        0x8
                0x08004bd4                        . = ALIGN (0x4)
                0x08004bd4                        __exidx_start = .
 *(.ARM.exidx*)
 .ARM.exidx     0x08004bd4        0x8 C:/ST/STM32CubeCLT_1.18.0/GNU-tools-for-STM32/bin/../lib/gcc/arm-none-eabi/13.3.1/thumb/v7e-m+fp/hard\libgcc.a(_udivmoddi4.o)
                0x08004bdc                        __exidx_end = .
                0x08004bdc                        . = ALIGN (0x4)

.preinit_array  0x08004bdc        0x0
                0x08004bdc                        . = ALIGN (0x4)
                0x08004bdc                        PROVIDE (__preinit_array_start = .)
 *(.preinit_array*)
                0x08004bdc                        PROVIDE (__preinit_array_end = .)
                0x08004bdc                        . = ALIGN (0x4)

.init_array     0x08004bdc        0x4
                0x08004bdc                        . = ALIGN (0x4)
                0x08004bdc                        PROVIDE (__init_array_start = .)
 *(SORT_BY_NAME(.init_array.*))
 *(.init_array*)
 .init_array    0x08004bdc        0x4 C:/ST/STM32CubeCLT_1.18.0/GNU-tools-for-STM32/bin/../lib/gcc/arm-none-eabi/13.3.1/thumb/v7e-m+fp/hard/crtbegin.o
                0x08004be0                        PROVIDE (__init_array_end = .)
                0x08004be0                        . = ALIGN (0x4)

.fini_array     0x08004be0        0x4
                0x08004be0                        . = ALIGN (0x4)
                [!provide]                        PROVIDE (__fini_array_start = .)
 *(SORT_BY_NAME(.fini_array.*))
 *(.fini_array*)
 .fini_array    0x08004be0        0x4 C:/ST/STM32CubeCLT_1.18.0/GNU-tools-for-STM32/bin/../lib/gcc/arm-none-eabi/13.3.1/thumb/v7e-m+fp/hard/crtbegin.o
                [!provide]                        PROVIDE (__fini_array_end = .)
                0x08004be4                        . = ALIGN (0x4)
                0x08004be4                        _sidata = LOADADDR (.data)

.rel.dyn        0x08004be4        0x0
 .rel.iplt      0x08004be4        0x0 C:/ST/STM32CubeCLT_1.18.0/GNU-tools-for-STM32/bin/../lib/gcc/arm-none-eabi/13.3.1/thumb/v7e-m+fp/hard/crtbegin.o

.data           0x20000000        0xc load address 0x08004be4
                0x20000000                        . = ALIGN (0x4)
                0x20000000                        _sdata = .
 *(.data)
 *(.data*)
 .data.SystemCoreClock
                0x20000000        0x4 cmake/stm32cubemx/CMakeFiles/STM32_Drivers.dir/__/__/Core/Src/system_stm32f4xx.c.obj
                0x20000000                SystemCoreClock
 .data.uwTickPrio
                0x20000004        0x4 cmake/stm32cubemx/CMakeFiles/STM32_Drivers.dir/__/__/Drivers/STM32F4xx_HAL_Driver/Src/stm32f4xx_hal.c.obj
                0x20000004                uwTickPrio
 .data.uwTickFreq
                0x20000008        0x1 cmake/stm32cubemx/CMakeFiles/STM32_Drivers.dir/__/__/Drivers/STM32F4xx_HAL_Driver/Src/stm32f4xx_hal.c.obj
                0x20000008                uwTickFreq
 .data.task_id_counter
                0x20000009        0x1 CMakeFiles/Drone.dir/Core/Src/scheduler.c.obj
                0x20000009                task_id_counter
 *(.RamFunc)
 *(.RamFunc*)
                0x2000000c                        . = ALIGN (0x4)
 *fill*         0x2000000a        0x2 
                0x2000000c                        _edata = .

.igot.plt       0x2000000c        0x0 load address 0x08004bf0
 .igot.plt      0x2000000c        0x0 C:/ST/STM32CubeCLT_1.18.0/GNU-tools-for-STM32/bin/../lib/gcc/arm-none-eabi/13.3.1/thumb/v7e-m+fp/hard/crtbegin.o
                0x2000000c                        . = ALIGN (0x4)

.bss            0x2000000c      0x47c load address 0x08004bf0
                0x2000000c                        _sbss = .
                0x2000000c                        __bss_start__ = _sbss
 *(.bss)
 .bss           0x2000000c       0x1c C:/ST/STM32CubeCLT_1.18.0/GNU-tools-for-STM32/bin/../lib/gcc/arm-none-eabi/13.3.1/thumb/v7e-m+fp/hard/crtbegin.o
 *(.bss*)
 .bss.uwTick    0x20000028        0x4 cmake/stm32cubemx/CMakeFiles/STM32_Drivers.dir/__/__/Drivers/STM32F4xx_HAL_Driver/Src/stm32f4xx_hal.c.obj
                0x20000028                uwTick
 .bss.hi2c1     0x2000002c       0x54 CMakeFiles/Drone.dir/Core/Src/main.c.obj
                0x2000002c                hi2c1
 .bss.hspi1     0x20000080       0x58 CMakeFiles/Drone.dir/Core/Src/main.c.obj
                0x20000080                hspi1
 .bss.htim1     0x200000d8       0x48 CMakeFiles/Drone.dir/Core/Src/main.c.obj
                0x200000d8                htim1
 .bss.htim2     0x20000120       0x48 CMakeFiles/Drone.dir/Core/Src/main.c.obj
                0x20000120                htim2
 .bss.htim3     0x20000168       0x48 CMakeFiles/Drone.dir/Core/Src/main.c.obj
                0x20000168                htim3
 .bss.htim4     0x200001b0       0x48 CMakeFiles/Drone.dir/Core/Src/main.c.obj
                0x200001b0                htim4
 .bss.huart2    0x200001f8       0x48 CMakeFiles/Drone.dir/Core/Src/main.c.obj
                0x200001f8                huart2
 .bss.tempTest  0x20000240        0x4 CMakeFiles/Drone.dir/Core/Src/main.c.obj
                0x20000240                tempTest
 .bss.humTest   0x20000244        0x4 CMakeFiles/Drone.dir/Core/Src/main.c.obj
                0x20000244                humTest
 .bss.SCH_tasks
                0x20000248      0x200 CMakeFiles/Drone.dir/Core/Src/scheduler.c.obj
                0x20000248                SCH_tasks
 .bss.current_task_index
                0x20000448        0x1 CMakeFiles/Drone.dir/Core/Src/scheduler.c.obj
                0x20000448                current_task_index
 *fill*         0x20000449        0x3 
 .bss.SCH_tick_counter
                0x2000044c        0x4 CMakeFiles/Drone.dir/Core/Src/scheduler.c.obj
                0x2000044c                SCH_tick_counter
 .bss.rx_buffer
                0x20000450       0x10 CMakeFiles/Drone.dir/Core/Src/tasks.c.obj
                0x20000450                rx_buffer
 .bss.rx_command
                0x20000460       0x10 CMakeFiles/Drone.dir/Core/Src/tasks.c.obj
                0x20000460                rx_command
 .bss.rx_byte   0x20000470        0x1 CMakeFiles/Drone.dir/Core/Src/tasks.c.obj
                0x20000470                rx_byte
 .bss.rx_index  0x20000471        0x1 CMakeFiles/Drone.dir/Core/Src/tasks.c.obj
                0x20000471                rx_index
 .bss.data_ready
                0x20000472        0x1 CMakeFiles/Drone.dir/Core/Src/tasks.c.obj
                0x20000472                data_ready
 *fill*         0x20000473        0x1 
 .bss.p_huart   0x20000474        0x4 CMakeFiles/Drone.dir/Core/Src/tasks.c.obj
                0x20000474                p_huart
 .bss.dht22     0x20000478       0x10 CMakeFiles/Drone.dir/Core/Src/tasks.c.obj
                0x20000478                dht22
 *(COMMON)
                0x20000488                        . = ALIGN (0x4)
                0x20000488                        _ebss = .
                0x20000488                        __bss_end__ = _ebss

._user_heap_stack
                0x20000488     0x1000 load address 0x08004bf0
                0x20000488                        . = ALIGN (0x8)
                [!provide]                        PROVIDE (end = .)
                0x20000488                        PROVIDE (_end = .)
                0x20000c88                        . = (. + _Min_Heap_Size)
 *fill*         0x20000488      0x800 
                0x20001488                        . = (. + _Min_Stack_Size)
 *fill*         0x20000c88      0x800 
                0x20001488                        . = ALIGN (0x8)

/DISCARD/
 libc.a(*)
 libm.a(*)
 libgcc.a(*)
OUTPUT(Drone.elf elf32-littlearm)
LOAD linker stubs
LOAD C:/ST/STM32CubeCLT_1.18.0/GNU-tools-for-STM32/bin/../lib/gcc/arm-none-eabi/13.3.1/../../../../arm-none-eabi/lib/thumb/v7e-m+fp/hard\libc.a
LOAD C:/ST/STM32CubeCLT_1.18.0/GNU-tools-for-STM32/bin/../lib/gcc/arm-none-eabi/13.3.1/../../../../arm-none-eabi/lib/thumb/v7e-m+fp/hard\libm.a
LOAD C:/ST/STM32CubeCLT_1.18.0/GNU-tools-for-STM32/bin/../lib/gcc/arm-none-eabi/13.3.1/thumb/v7e-m+fp/hard\libgcc.a

.ARM.attributes
                0x00000000       0x30
 .ARM.attributes
                0x00000000       0x22 C:/ST/STM32CubeCLT_1.18.0/GNU-tools-for-STM32/bin/../lib/gcc/arm-none-eabi/13.3.1/thumb/v7e-m+fp/hard/crti.o
 .ARM.attributes
                0x00000022       0x34 C:/ST/STM32CubeCLT_1.18.0/GNU-tools-for-STM32/bin/../lib/gcc/arm-none-eabi/13.3.1/thumb/v7e-m+fp/hard/crtbegin.o
 .ARM.attributes
                0x00000056       0x34 C:/ST/STM32CubeCLT_1.18.0/GNU-tools-for-STM32/bin/../lib/gcc/arm-none-eabi/13.3.1/../../../../arm-none-eabi/lib/thumb/v7e-m+fp/hard\libc_nano.a(libc_a-memset.o)
 .ARM.attributes
                0x0000008a       0x34 C:/ST/STM32CubeCLT_1.18.0/GNU-tools-for-STM32/bin/../lib/gcc/arm-none-eabi/13.3.1/../../../../arm-none-eabi/lib/thumb/v7e-m+fp/hard\libc_nano.a(libc_a-init.o)
 .ARM.attributes
                0x000000be       0x34 cmake/stm32cubemx/CMakeFiles/STM32_Drivers.dir/__/__/Core/Src/system_stm32f4xx.c.obj
 .ARM.attributes
                0x000000f2       0x34 cmake/stm32cubemx/CMakeFiles/STM32_Drivers.dir/__/__/Drivers/STM32F4xx_HAL_Driver/Src/stm32f4xx_hal_i2c.c.obj
 .ARM.attributes
                0x00000126       0x34 cmake/stm32cubemx/CMakeFiles/STM32_Drivers.dir/__/__/Drivers/STM32F4xx_HAL_Driver/Src/stm32f4xx_hal_rcc.c.obj
 .ARM.attributes
                0x0000015a       0x34 cmake/stm32cubemx/CMakeFiles/STM32_Drivers.dir/__/__/Drivers/STM32F4xx_HAL_Driver/Src/stm32f4xx_hal_gpio.c.obj
 .ARM.attributes
                0x0000018e       0x34 cmake/stm32cubemx/CMakeFiles/STM32_Drivers.dir/__/__/Drivers/STM32F4xx_HAL_Driver/Src/stm32f4xx_hal_dma.c.obj
 .ARM.attributes
                0x000001c2       0x34 cmake/stm32cubemx/CMakeFiles/STM32_Drivers.dir/__/__/Drivers/STM32F4xx_HAL_Driver/Src/stm32f4xx_hal_cortex.c.obj
 .ARM.attributes
                0x000001f6       0x34 cmake/stm32cubemx/CMakeFiles/STM32_Drivers.dir/__/__/Drivers/STM32F4xx_HAL_Driver/Src/stm32f4xx_hal.c.obj
 .ARM.attributes
                0x0000022a       0x34 cmake/stm32cubemx/CMakeFiles/STM32_Drivers.dir/__/__/Drivers/STM32F4xx_HAL_Driver/Src/stm32f4xx_hal_spi.c.obj
 .ARM.attributes
                0x0000025e       0x34 cmake/stm32cubemx/CMakeFiles/STM32_Drivers.dir/__/__/Drivers/STM32F4xx_HAL_Driver/Src/stm32f4xx_hal_tim.c.obj
 .ARM.attributes
                0x00000292       0x34 cmake/stm32cubemx/CMakeFiles/STM32_Drivers.dir/__/__/Drivers/STM32F4xx_HAL_Driver/Src/stm32f4xx_hal_tim_ex.c.obj
 .ARM.attributes
                0x000002c6       0x34 cmake/stm32cubemx/CMakeFiles/STM32_Drivers.dir/__/__/Drivers/STM32F4xx_HAL_Driver/Src/stm32f4xx_hal_uart.c.obj
 .ARM.attributes
                0x000002fa       0x34 CMakeFiles/Drone.dir/Core/Src/main.c.obj
 .ARM.attributes
                0x0000032e       0x34 CMakeFiles/Drone.dir/Core/Src/stm32f4xx_it.c.obj
 .ARM.attributes
                0x00000362       0x34 CMakeFiles/Drone.dir/Core/Src/stm32f4xx_hal_msp.c.obj
 .ARM.attributes
                0x00000396       0x21 CMakeFiles/Drone.dir/startup_stm32f411xe.s.obj
 .ARM.attributes
                0x000003b7       0x34 CMakeFiles/Drone.dir/Core/Src/DHT11_22.c.obj
 .ARM.attributes
                0x000003eb       0x34 CMakeFiles/Drone.dir/Core/Src/scheduler.c.obj
 .ARM.attributes
                0x0000041f       0x34 CMakeFiles/Drone.dir/Core/Src/tasks.c.obj
 .ARM.attributes
                0x00000453       0x22 C:/ST/STM32CubeCLT_1.18.0/GNU-tools-for-STM32/bin/../lib/gcc/arm-none-eabi/13.3.1/thumb/v7e-m+fp/hard\libgcc.a(_aeabi_uldivmod.o)
 .ARM.attributes
                0x00000475       0x34 C:/ST/STM32CubeCLT_1.18.0/GNU-tools-for-STM32/bin/../lib/gcc/arm-none-eabi/13.3.1/thumb/v7e-m+fp/hard\libgcc.a(_udivmoddi4.o)
 .ARM.attributes
                0x000004a9       0x22 C:/ST/STM32CubeCLT_1.18.0/GNU-tools-for-STM32/bin/../lib/gcc/arm-none-eabi/13.3.1/thumb/v7e-m+fp/hard\libgcc.a(_dvmd_tls.o)
 .ARM.attributes
                0x000004cb       0x34 C:/ST/STM32CubeCLT_1.18.0/GNU-tools-for-STM32/bin/../lib/gcc/arm-none-eabi/13.3.1/../../../../arm-none-eabi/lib/thumb/v7e-m+fp/hard\libg_nano.a(libc_a-strcpy.o)
 .ARM.attributes
                0x000004ff       0x22 C:/ST/STM32CubeCLT_1.18.0/GNU-tools-for-STM32/bin/../lib/gcc/arm-none-eabi/13.3.1/thumb/v7e-m+fp/hard/crtn.o

.comment        0x00000000       0x43
 .comment       0x00000000       0x43 cmake/stm32cubemx/CMakeFiles/STM32_Drivers.dir/__/__/Core/Src/system_stm32f4xx.c.obj
                                 0x44 (size before relaxing)
 .comment       0x00000043       0x44 cmake/stm32cubemx/CMakeFiles/STM32_Drivers.dir/__/__/Drivers/STM32F4xx_HAL_Driver/Src/stm32f4xx_hal_i2c.c.obj
 .comment       0x00000043       0x44 cmake/stm32cubemx/CMakeFiles/STM32_Drivers.dir/__/__/Drivers/STM32F4xx_HAL_Driver/Src/stm32f4xx_hal_rcc.c.obj
 .comment       0x00000043       0x44 cmake/stm32cubemx/CMakeFiles/STM32_Drivers.dir/__/__/Drivers/STM32F4xx_HAL_Driver/Src/stm32f4xx_hal_gpio.c.obj
 .comment       0x00000043       0x44 cmake/stm32cubemx/CMakeFiles/STM32_Drivers.dir/__/__/Drivers/STM32F4xx_HAL_Driver/Src/stm32f4xx_hal_dma.c.obj
 .comment       0x00000043       0x44 cmake/stm32cubemx/CMakeFiles/STM32_Drivers.dir/__/__/Drivers/STM32F4xx_HAL_Driver/Src/stm32f4xx_hal_cortex.c.obj
 .comment       0x00000043       0x44 cmake/stm32cubemx/CMakeFiles/STM32_Drivers.dir/__/__/Drivers/STM32F4xx_HAL_Driver/Src/stm32f4xx_hal.c.obj
 .comment       0x00000043       0x44 cmake/stm32cubemx/CMakeFiles/STM32_Drivers.dir/__/__/Drivers/STM32F4xx_HAL_Driver/Src/stm32f4xx_hal_spi.c.obj
 .comment       0x00000043       0x44 cmake/stm32cubemx/CMakeFiles/STM32_Drivers.dir/__/__/Drivers/STM32F4xx_HAL_Driver/Src/stm32f4xx_hal_tim.c.obj
 .comment       0x00000043       0x44 cmake/stm32cubemx/CMakeFiles/STM32_Drivers.dir/__/__/Drivers/STM32F4xx_HAL_Driver/Src/stm32f4xx_hal_tim_ex.c.obj
 .comment       0x00000043       0x44 cmake/stm32cubemx/CMakeFiles/STM32_Drivers.dir/__/__/Drivers/STM32F4xx_HAL_Driver/Src/stm32f4xx_hal_uart.c.obj
 .comment       0x00000043       0x44 CMakeFiles/Drone.dir/Core/Src/main.c.obj
 .comment       0x00000043       0x44 CMakeFiles/Drone.dir/Core/Src/stm32f4xx_it.c.obj
 .comment       0x00000043       0x44 CMakeFiles/Drone.dir/Core/Src/stm32f4xx_hal_msp.c.obj
 .comment       0x00000043       0x44 CMakeFiles/Drone.dir/Core/Src/DHT11_22.c.obj
 .comment       0x00000043       0x44 CMakeFiles/Drone.dir/Core/Src/scheduler.c.obj
 .comment       0x00000043       0x44 CMakeFiles/Drone.dir/Core/Src/tasks.c.obj
 .comment       0x00000043       0x44 C:/ST/STM32CubeCLT_1.18.0/GNU-tools-for-STM32/bin/../lib/gcc/arm-none-eabi/13.3.1/../../../../arm-none-eabi/lib/thumb/v7e-m+fp/hard\libg_nano.a(libc_a-strcpy.o)

.debug_frame    0x00000000     0x4de0
 .debug_frame   0x00000000       0x20 C:/ST/STM32CubeCLT_1.18.0/GNU-tools-for-STM32/bin/../lib/gcc/arm-none-eabi/13.3.1/../../../../arm-none-eabi/lib/thumb/v7e-m+fp/hard\libc_nano.a(libc_a-memset.o)
 .debug_frame   0x00000020       0x2c C:/ST/STM32CubeCLT_1.18.0/GNU-tools-for-STM32/bin/../lib/gcc/arm-none-eabi/13.3.1/../../../../arm-none-eabi/lib/thumb/v7e-m+fp/hard\libc_nano.a(libc_a-init.o)
 .debug_frame   0x0000004c       0x58 cmake/stm32cubemx/CMakeFiles/STM32_Drivers.dir/__/__/Core/Src/system_stm32f4xx.c.obj
 .debug_frame   0x000000a4      0xc84 cmake/stm32cubemx/CMakeFiles/STM32_Drivers.dir/__/__/Drivers/STM32F4xx_HAL_Driver/Src/stm32f4xx_hal_i2c.c.obj
 .debug_frame   0x00000d28      0x1f4 cmake/stm32cubemx/CMakeFiles/STM32_Drivers.dir/__/__/Drivers/STM32F4xx_HAL_Driver/Src/stm32f4xx_hal_rcc.c.obj
 .debug_frame   0x00000f1c      0x14c cmake/stm32cubemx/CMakeFiles/STM32_Drivers.dir/__/__/Drivers/STM32F4xx_HAL_Driver/Src/stm32f4xx_hal_gpio.c.obj
 .debug_frame   0x00001068      0x250 cmake/stm32cubemx/CMakeFiles/STM32_Drivers.dir/__/__/Drivers/STM32F4xx_HAL_Driver/Src/stm32f4xx_hal_dma.c.obj
 .debug_frame   0x000012b8      0x508 cmake/stm32cubemx/CMakeFiles/STM32_Drivers.dir/__/__/Drivers/STM32F4xx_HAL_Driver/Src/stm32f4xx_hal_cortex.c.obj
 .debug_frame   0x000017c0      0x374 cmake/stm32cubemx/CMakeFiles/STM32_Drivers.dir/__/__/Drivers/STM32F4xx_HAL_Driver/Src/stm32f4xx_hal.c.obj
 .debug_frame   0x00001b34      0x828 cmake/stm32cubemx/CMakeFiles/STM32_Drivers.dir/__/__/Drivers/STM32F4xx_HAL_Driver/Src/stm32f4xx_hal_spi.c.obj
 .debug_frame   0x0000235c     0x11b8 cmake/stm32cubemx/CMakeFiles/STM32_Drivers.dir/__/__/Drivers/STM32F4xx_HAL_Driver/Src/stm32f4xx_hal_tim.c.obj
 .debug_frame   0x00003514      0x638 cmake/stm32cubemx/CMakeFiles/STM32_Drivers.dir/__/__/Drivers/STM32F4xx_HAL_Driver/Src/stm32f4xx_hal_tim_ex.c.obj
 .debug_frame   0x00003b4c      0x954 cmake/stm32cubemx/CMakeFiles/STM32_Drivers.dir/__/__/Drivers/STM32F4xx_HAL_Driver/Src/stm32f4xx_hal_uart.c.obj
 .debug_frame   0x000044a0      0x1dc CMakeFiles/Drone.dir/Core/Src/main.c.obj
 .debug_frame   0x0000467c      0x158 CMakeFiles/Drone.dir/Core/Src/stm32f4xx_it.c.obj
 .debug_frame   0x000047d4      0x1cc CMakeFiles/Drone.dir/Core/Src/stm32f4xx_hal_msp.c.obj
 .debug_frame   0x000049a0      0x160 CMakeFiles/Drone.dir/Core/Src/DHT11_22.c.obj
 .debug_frame   0x00004b00      0x154 CMakeFiles/Drone.dir/Core/Src/scheduler.c.obj
 .debug_frame   0x00004c54      0x10c CMakeFiles/Drone.dir/Core/Src/tasks.c.obj
 .debug_frame   0x00004d60       0x2c C:/ST/STM32CubeCLT_1.18.0/GNU-tools-for-STM32/bin/../lib/gcc/arm-none-eabi/13.3.1/thumb/v7e-m+fp/hard\libgcc.a(_aeabi_uldivmod.o)
 .debug_frame   0x00004d8c       0x34 C:/ST/STM32CubeCLT_1.18.0/GNU-tools-for-STM32/bin/../lib/gcc/arm-none-eabi/13.3.1/thumb/v7e-m+fp/hard\libgcc.a(_udivmoddi4.o)
 .debug_frame   0x00004dc0       0x20 C:/ST/STM32CubeCLT_1.18.0/GNU-tools-for-STM32/bin/../lib/gcc/arm-none-eabi/13.3.1/../../../../arm-none-eabi/lib/thumb/v7e-m+fp/hard\libg_nano.a(libc_a-strcpy.o)

.debug_info     0x00000000    0x128e1
 .debug_info    0x00000000      0x53e cmake/stm32cubemx/CMakeFiles/STM32_Drivers.dir/__/__/Core/Src/system_stm32f4xx.c.obj
 .debug_info    0x0000053e     0x2426 cmake/stm32cubemx/CMakeFiles/STM32_Drivers.dir/__/__/Drivers/STM32F4xx_HAL_Driver/Src/stm32f4xx_hal_i2c.c.obj
 .debug_info    0x00002964      0x904 cmake/stm32cubemx/CMakeFiles/STM32_Drivers.dir/__/__/Drivers/STM32F4xx_HAL_Driver/Src/stm32f4xx_hal_rcc.c.obj
 .debug_info    0x00003268      0x6f9 cmake/stm32cubemx/CMakeFiles/STM32_Drivers.dir/__/__/Drivers/STM32F4xx_HAL_Driver/Src/stm32f4xx_hal_gpio.c.obj
 .debug_info    0x00003961      0x8e6 cmake/stm32cubemx/CMakeFiles/STM32_Drivers.dir/__/__/Drivers/STM32F4xx_HAL_Driver/Src/stm32f4xx_hal_dma.c.obj
 .debug_info    0x00004247      0xcfc cmake/stm32cubemx/CMakeFiles/STM32_Drivers.dir/__/__/Drivers/STM32F4xx_HAL_Driver/Src/stm32f4xx_hal_cortex.c.obj
 .debug_info    0x00004f43      0x8c4 cmake/stm32cubemx/CMakeFiles/STM32_Drivers.dir/__/__/Drivers/STM32F4xx_HAL_Driver/Src/stm32f4xx_hal.c.obj
 .debug_info    0x00005807     0x1530 cmake/stm32cubemx/CMakeFiles/STM32_Drivers.dir/__/__/Drivers/STM32F4xx_HAL_Driver/Src/stm32f4xx_hal_spi.c.obj
 .debug_info    0x00006d37     0x2996 cmake/stm32cubemx/CMakeFiles/STM32_Drivers.dir/__/__/Drivers/STM32F4xx_HAL_Driver/Src/stm32f4xx_hal_tim.c.obj
 .debug_info    0x000096cd     0x14d4 cmake/stm32cubemx/CMakeFiles/STM32_Drivers.dir/__/__/Drivers/STM32F4xx_HAL_Driver/Src/stm32f4xx_hal_tim_ex.c.obj
 .debug_info    0x0000aba1     0x2f56 cmake/stm32cubemx/CMakeFiles/STM32_Drivers.dir/__/__/Drivers/STM32F4xx_HAL_Driver/Src/stm32f4xx_hal_uart.c.obj
 .debug_info    0x0000daf7     0x1bc0 CMakeFiles/Drone.dir/Core/Src/main.c.obj
 .debug_info    0x0000f6b7      0x99f CMakeFiles/Drone.dir/Core/Src/stm32f4xx_it.c.obj
 .debug_info    0x00010056     0x15df CMakeFiles/Drone.dir/Core/Src/stm32f4xx_hal_msp.c.obj
 .debug_info    0x00011635       0x30 CMakeFiles/Drone.dir/startup_stm32f411xe.s.obj
 .debug_info    0x00011665      0x554 CMakeFiles/Drone.dir/Core/Src/DHT11_22.c.obj
 .debug_info    0x00011bb9      0x339 CMakeFiles/Drone.dir/Core/Src/scheduler.c.obj
 .debug_info    0x00011ef2      0x92c CMakeFiles/Drone.dir/Core/Src/tasks.c.obj
 .debug_info    0x0001281e       0xc3 C:/ST/STM32CubeCLT_1.18.0/GNU-tools-for-STM32/bin/../lib/gcc/arm-none-eabi/13.3.1/../../../../arm-none-eabi/lib/thumb/v7e-m+fp/hard\libg_nano.a(libc_a-strcpy.o)

.debug_abbrev   0x00000000     0x2823
 .debug_abbrev  0x00000000      0x11a cmake/stm32cubemx/CMakeFiles/STM32_Drivers.dir/__/__/Core/Src/system_stm32f4xx.c.obj
 .debug_abbrev  0x0000011a      0x2bc cmake/stm32cubemx/CMakeFiles/STM32_Drivers.dir/__/__/Drivers/STM32F4xx_HAL_Driver/Src/stm32f4xx_hal_i2c.c.obj
 .debug_abbrev  0x000003d6      0x2b6 cmake/stm32cubemx/CMakeFiles/STM32_Drivers.dir/__/__/Drivers/STM32F4xx_HAL_Driver/Src/stm32f4xx_hal_rcc.c.obj
 .debug_abbrev  0x0000068c      0x1d3 cmake/stm32cubemx/CMakeFiles/STM32_Drivers.dir/__/__/Drivers/STM32F4xx_HAL_Driver/Src/stm32f4xx_hal_gpio.c.obj
 .debug_abbrev  0x0000085f      0x221 cmake/stm32cubemx/CMakeFiles/STM32_Drivers.dir/__/__/Drivers/STM32F4xx_HAL_Driver/Src/stm32f4xx_hal_dma.c.obj
 .debug_abbrev  0x00000a80      0x31d cmake/stm32cubemx/CMakeFiles/STM32_Drivers.dir/__/__/Drivers/STM32F4xx_HAL_Driver/Src/stm32f4xx_hal_cortex.c.obj
 .debug_abbrev  0x00000d9d      0x24b cmake/stm32cubemx/CMakeFiles/STM32_Drivers.dir/__/__/Drivers/STM32F4xx_HAL_Driver/Src/stm32f4xx_hal.c.obj
 .debug_abbrev  0x00000fe8      0x276 cmake/stm32cubemx/CMakeFiles/STM32_Drivers.dir/__/__/Drivers/STM32F4xx_HAL_Driver/Src/stm32f4xx_hal_spi.c.obj
 .debug_abbrev  0x0000125e      0x28b cmake/stm32cubemx/CMakeFiles/STM32_Drivers.dir/__/__/Drivers/STM32F4xx_HAL_Driver/Src/stm32f4xx_hal_tim.c.obj
 .debug_abbrev  0x000014e9      0x296 cmake/stm32cubemx/CMakeFiles/STM32_Drivers.dir/__/__/Drivers/STM32F4xx_HAL_Driver/Src/stm32f4xx_hal_tim_ex.c.obj
 .debug_abbrev  0x0000177f      0x31b cmake/stm32cubemx/CMakeFiles/STM32_Drivers.dir/__/__/Drivers/STM32F4xx_HAL_Driver/Src/stm32f4xx_hal_uart.c.obj
 .debug_abbrev  0x00001a9a      0x324 CMakeFiles/Drone.dir/Core/Src/main.c.obj
 .debug_abbrev  0x00001dbe      0x1af CMakeFiles/Drone.dir/Core/Src/stm32f4xx_it.c.obj
 .debug_abbrev  0x00001f6d      0x255 CMakeFiles/Drone.dir/Core/Src/stm32f4xx_hal_msp.c.obj
 .debug_abbrev  0x000021c2       0x24 CMakeFiles/Drone.dir/startup_stm32f411xe.s.obj
 .debug_abbrev  0x000021e6      0x20d CMakeFiles/Drone.dir/Core/Src/DHT11_22.c.obj
 .debug_abbrev  0x000023f3      0x18a CMakeFiles/Drone.dir/Core/Src/scheduler.c.obj
 .debug_abbrev  0x0000257d      0x22b CMakeFiles/Drone.dir/Core/Src/tasks.c.obj
 .debug_abbrev  0x000027a8       0x7b C:/ST/STM32CubeCLT_1.18.0/GNU-tools-for-STM32/bin/../lib/gcc/arm-none-eabi/13.3.1/../../../../arm-none-eabi/lib/thumb/v7e-m+fp/hard\libg_nano.a(libc_a-strcpy.o)

.debug_aranges  0x00000000     0x1248
 .debug_aranges
                0x00000000       0x28 cmake/stm32cubemx/CMakeFiles/STM32_Drivers.dir/__/__/Core/Src/system_stm32f4xx.c.obj
 .debug_aranges
                0x00000028      0x2a8 cmake/stm32cubemx/CMakeFiles/STM32_Drivers.dir/__/__/Drivers/STM32F4xx_HAL_Driver/Src/stm32f4xx_hal_i2c.c.obj
 .debug_aranges
                0x000002d0       0x88 cmake/stm32cubemx/CMakeFiles/STM32_Drivers.dir/__/__/Drivers/STM32F4xx_HAL_Driver/Src/stm32f4xx_hal_rcc.c.obj
 .debug_aranges
                0x00000358       0x58 cmake/stm32cubemx/CMakeFiles/STM32_Drivers.dir/__/__/Drivers/STM32F4xx_HAL_Driver/Src/stm32f4xx_hal_gpio.c.obj
 .debug_aranges
                0x000003b0       0x90 cmake/stm32cubemx/CMakeFiles/STM32_Drivers.dir/__/__/Drivers/STM32F4xx_HAL_Driver/Src/stm32f4xx_hal_dma.c.obj
 .debug_aranges
                0x00000440      0x130 cmake/stm32cubemx/CMakeFiles/STM32_Drivers.dir/__/__/Drivers/STM32F4xx_HAL_Driver/Src/stm32f4xx_hal_cortex.c.obj
 .debug_aranges
                0x00000570       0xf0 cmake/stm32cubemx/CMakeFiles/STM32_Drivers.dir/__/__/Drivers/STM32F4xx_HAL_Driver/Src/stm32f4xx_hal.c.obj
 .debug_aranges
                0x00000660      0x1d0 cmake/stm32cubemx/CMakeFiles/STM32_Drivers.dir/__/__/Drivers/STM32F4xx_HAL_Driver/Src/stm32f4xx_hal_spi.c.obj
 .debug_aranges
                0x00000830      0x3d0 cmake/stm32cubemx/CMakeFiles/STM32_Drivers.dir/__/__/Drivers/STM32F4xx_HAL_Driver/Src/stm32f4xx_hal_tim.c.obj
 .debug_aranges
                0x00000c00      0x168 cmake/stm32cubemx/CMakeFiles/STM32_Drivers.dir/__/__/Drivers/STM32F4xx_HAL_Driver/Src/stm32f4xx_hal_tim_ex.c.obj
 .debug_aranges
                0x00000d68      0x208 cmake/stm32cubemx/CMakeFiles/STM32_Drivers.dir/__/__/Drivers/STM32F4xx_HAL_Driver/Src/stm32f4xx_hal_uart.c.obj
 .debug_aranges
                0x00000f70       0x88 CMakeFiles/Drone.dir/Core/Src/main.c.obj
 .debug_aranges
                0x00000ff8       0x78 CMakeFiles/Drone.dir/Core/Src/stm32f4xx_it.c.obj
 .debug_aranges
                0x00001070       0x78 CMakeFiles/Drone.dir/Core/Src/stm32f4xx_hal_msp.c.obj
 .debug_aranges
                0x000010e8       0x28 CMakeFiles/Drone.dir/startup_stm32f411xe.s.obj
 .debug_aranges
                0x00001110       0x60 CMakeFiles/Drone.dir/Core/Src/DHT11_22.c.obj
 .debug_aranges
                0x00001170       0x60 CMakeFiles/Drone.dir/Core/Src/scheduler.c.obj
 .debug_aranges
                0x000011d0       0x58 CMakeFiles/Drone.dir/Core/Src/tasks.c.obj
 .debug_aranges
                0x00001228       0x20 C:/ST/STM32CubeCLT_1.18.0/GNU-tools-for-STM32/bin/../lib/gcc/arm-none-eabi/13.3.1/../../../../arm-none-eabi/lib/thumb/v7e-m+fp/hard\libg_nano.a(libc_a-strcpy.o)

.debug_rnglists
                0x00000000      0xe8a
 .debug_rnglists
                0x00000000       0x1a cmake/stm32cubemx/CMakeFiles/STM32_Drivers.dir/__/__/Core/Src/system_stm32f4xx.c.obj
 .debug_rnglists
                0x0000001a      0x23c cmake/stm32cubemx/CMakeFiles/STM32_Drivers.dir/__/__/Drivers/STM32F4xx_HAL_Driver/Src/stm32f4xx_hal_i2c.c.obj
 .debug_rnglists
                0x00000256       0x66 cmake/stm32cubemx/CMakeFiles/STM32_Drivers.dir/__/__/Drivers/STM32F4xx_HAL_Driver/Src/stm32f4xx_hal_rcc.c.obj
 .debug_rnglists
                0x000002bc       0x3f cmake/stm32cubemx/CMakeFiles/STM32_Drivers.dir/__/__/Drivers/STM32F4xx_HAL_Driver/Src/stm32f4xx_hal_gpio.c.obj
 .debug_rnglists
                0x000002fb       0x70 cmake/stm32cubemx/CMakeFiles/STM32_Drivers.dir/__/__/Drivers/STM32F4xx_HAL_Driver/Src/stm32f4xx_hal_dma.c.obj
 .debug_rnglists
                0x0000036b       0xe0 cmake/stm32cubemx/CMakeFiles/STM32_Drivers.dir/__/__/Drivers/STM32F4xx_HAL_Driver/Src/stm32f4xx_hal_cortex.c.obj
 .debug_rnglists
                0x0000044b       0xaf cmake/stm32cubemx/CMakeFiles/STM32_Drivers.dir/__/__/Drivers/STM32F4xx_HAL_Driver/Src/stm32f4xx_hal.c.obj
 .debug_rnglists
                0x000004fa      0x16f cmake/stm32cubemx/CMakeFiles/STM32_Drivers.dir/__/__/Drivers/STM32F4xx_HAL_Driver/Src/stm32f4xx_hal_spi.c.obj
 .debug_rnglists
                0x00000669      0x31a cmake/stm32cubemx/CMakeFiles/STM32_Drivers.dir/__/__/Drivers/STM32F4xx_HAL_Driver/Src/stm32f4xx_hal_tim.c.obj
 .debug_rnglists
                0x00000983      0x125 cmake/stm32cubemx/CMakeFiles/STM32_Drivers.dir/__/__/Drivers/STM32F4xx_HAL_Driver/Src/stm32f4xx_hal_tim_ex.c.obj
 .debug_rnglists
                0x00000aa8      0x1bc cmake/stm32cubemx/CMakeFiles/STM32_Drivers.dir/__/__/Drivers/STM32F4xx_HAL_Driver/Src/stm32f4xx_hal_uart.c.obj
 .debug_rnglists
                0x00000c64       0x68 CMakeFiles/Drone.dir/Core/Src/main.c.obj
 .debug_rnglists
                0x00000ccc       0x55 CMakeFiles/Drone.dir/Core/Src/stm32f4xx_it.c.obj
 .debug_rnglists
                0x00000d21       0x59 CMakeFiles/Drone.dir/Core/Src/stm32f4xx_hal_msp.c.obj
 .debug_rnglists
                0x00000d7a       0x19 CMakeFiles/Drone.dir/startup_stm32f411xe.s.obj
 .debug_rnglists
                0x00000d93       0x45 CMakeFiles/Drone.dir/Core/Src/DHT11_22.c.obj
 .debug_rnglists
                0x00000dd8       0x61 CMakeFiles/Drone.dir/Core/Src/scheduler.c.obj
 .debug_rnglists
                0x00000e39       0x3e CMakeFiles/Drone.dir/Core/Src/tasks.c.obj
 .debug_rnglists
                0x00000e77       0x13 C:/ST/STM32CubeCLT_1.18.0/GNU-tools-for-STM32/bin/../lib/gcc/arm-none-eabi/13.3.1/../../../../arm-none-eabi/lib/thumb/v7e-m+fp/hard\libg_nano.a(libc_a-strcpy.o)

.debug_macro    0x00000000    0x1725b
 .debug_macro   0x00000000      0x1f1 cmake/stm32cubemx/CMakeFiles/STM32_Drivers.dir/__/__/Core/Src/system_stm32f4xx.c.obj
 .debug_macro   0x000001f1      0xad8 cmake/stm32cubemx/CMakeFiles/STM32_Drivers.dir/__/__/Core/Src/system_stm32f4xx.c.obj
 .debug_macro   0x00000cc9       0x2e cmake/stm32cubemx/CMakeFiles/STM32_Drivers.dir/__/__/Core/Src/system_stm32f4xx.c.obj
 .debug_macro   0x00000cf7       0x28 cmake/stm32cubemx/CMakeFiles/STM32_Drivers.dir/__/__/Core/Src/system_stm32f4xx.c.obj
 .debug_macro   0x00000d1f       0x22 cmake/stm32cubemx/CMakeFiles/STM32_Drivers.dir/__/__/Core/Src/system_stm32f4xx.c.obj
 .debug_macro   0x00000d41       0x8e cmake/stm32cubemx/CMakeFiles/STM32_Drivers.dir/__/__/Core/Src/system_stm32f4xx.c.obj
 .debug_macro   0x00000dcf       0x51 cmake/stm32cubemx/CMakeFiles/STM32_Drivers.dir/__/__/Core/Src/system_stm32f4xx.c.obj
 .debug_macro   0x00000e20      0x103 cmake/stm32cubemx/CMakeFiles/STM32_Drivers.dir/__/__/Core/Src/system_stm32f4xx.c.obj
 .debug_macro   0x00000f23       0x6a cmake/stm32cubemx/CMakeFiles/STM32_Drivers.dir/__/__/Core/Src/system_stm32f4xx.c.obj
 .debug_macro   0x00000f8d      0x1df cmake/stm32cubemx/CMakeFiles/STM32_Drivers.dir/__/__/Core/Src/system_stm32f4xx.c.obj
 .debug_macro   0x0000116c       0x1c cmake/stm32cubemx/CMakeFiles/STM32_Drivers.dir/__/__/Core/Src/system_stm32f4xx.c.obj
 .debug_macro   0x00001188       0x22 cmake/stm32cubemx/CMakeFiles/STM32_Drivers.dir/__/__/Core/Src/system_stm32f4xx.c.obj
 .debug_macro   0x000011aa       0xfb cmake/stm32cubemx/CMakeFiles/STM32_Drivers.dir/__/__/Core/Src/system_stm32f4xx.c.obj
 .debug_macro   0x000012a5     0x1011 cmake/stm32cubemx/CMakeFiles/STM32_Drivers.dir/__/__/Core/Src/system_stm32f4xx.c.obj
 .debug_macro   0x000022b6      0x11f cmake/stm32cubemx/CMakeFiles/STM32_Drivers.dir/__/__/Core/Src/system_stm32f4xx.c.obj
 .debug_macro   0x000023d5     0xb968 cmake/stm32cubemx/CMakeFiles/STM32_Drivers.dir/__/__/Core/Src/system_stm32f4xx.c.obj
 .debug_macro   0x0000dd3d       0x6d cmake/stm32cubemx/CMakeFiles/STM32_Drivers.dir/__/__/Core/Src/system_stm32f4xx.c.obj
 .debug_macro   0x0000ddaa      0x2a7 cmake/stm32cubemx/CMakeFiles/STM32_Drivers.dir/__/__/Core/Src/system_stm32f4xx.c.obj
 .debug_macro   0x0000e051     0x3693 cmake/stm32cubemx/CMakeFiles/STM32_Drivers.dir/__/__/Core/Src/system_stm32f4xx.c.obj
 .debug_macro   0x000116e4      0x190 cmake/stm32cubemx/CMakeFiles/STM32_Drivers.dir/__/__/Core/Src/system_stm32f4xx.c.obj
 .debug_macro   0x00011874       0x5c cmake/stm32cubemx/CMakeFiles/STM32_Drivers.dir/__/__/Core/Src/system_stm32f4xx.c.obj
 .debug_macro   0x000118d0      0x45c cmake/stm32cubemx/CMakeFiles/STM32_Drivers.dir/__/__/Core/Src/system_stm32f4xx.c.obj
 .debug_macro   0x00011d2c      0x9e9 cmake/stm32cubemx/CMakeFiles/STM32_Drivers.dir/__/__/Core/Src/system_stm32f4xx.c.obj
 .debug_macro   0x00012715      0x115 cmake/stm32cubemx/CMakeFiles/STM32_Drivers.dir/__/__/Core/Src/system_stm32f4xx.c.obj
 .debug_macro   0x0001282a      0x11b cmake/stm32cubemx/CMakeFiles/STM32_Drivers.dir/__/__/Core/Src/system_stm32f4xx.c.obj
 .debug_macro   0x00012945       0xa5 cmake/stm32cubemx/CMakeFiles/STM32_Drivers.dir/__/__/Core/Src/system_stm32f4xx.c.obj
 .debug_macro   0x000129ea      0x15f cmake/stm32cubemx/CMakeFiles/STM32_Drivers.dir/__/__/Core/Src/system_stm32f4xx.c.obj
 .debug_macro   0x00012b49      0x287 cmake/stm32cubemx/CMakeFiles/STM32_Drivers.dir/__/__/Core/Src/system_stm32f4xx.c.obj
 .debug_macro   0x00012dd0       0x5f cmake/stm32cubemx/CMakeFiles/STM32_Drivers.dir/__/__/Core/Src/system_stm32f4xx.c.obj
 .debug_macro   0x00012e2f      0x236 cmake/stm32cubemx/CMakeFiles/STM32_Drivers.dir/__/__/Core/Src/system_stm32f4xx.c.obj
 .debug_macro   0x00013065      0x132 cmake/stm32cubemx/CMakeFiles/STM32_Drivers.dir/__/__/Core/Src/system_stm32f4xx.c.obj
 .debug_macro   0x00013197      0x264 cmake/stm32cubemx/CMakeFiles/STM32_Drivers.dir/__/__/Core/Src/system_stm32f4xx.c.obj
 .debug_macro   0x000133fb       0x2e cmake/stm32cubemx/CMakeFiles/STM32_Drivers.dir/__/__/Core/Src/system_stm32f4xx.c.obj
 .debug_macro   0x00013429      0x1b5 cmake/stm32cubemx/CMakeFiles/STM32_Drivers.dir/__/__/Core/Src/system_stm32f4xx.c.obj
 .debug_macro   0x000135de       0x22 cmake/stm32cubemx/CMakeFiles/STM32_Drivers.dir/__/__/Core/Src/system_stm32f4xx.c.obj
 .debug_macro   0x00013600       0xd6 cmake/stm32cubemx/CMakeFiles/STM32_Drivers.dir/__/__/Core/Src/system_stm32f4xx.c.obj
 .debug_macro   0x000136d6      0x127 cmake/stm32cubemx/CMakeFiles/STM32_Drivers.dir/__/__/Core/Src/system_stm32f4xx.c.obj
 .debug_macro   0x000137fd       0x85 cmake/stm32cubemx/CMakeFiles/STM32_Drivers.dir/__/__/Core/Src/system_stm32f4xx.c.obj
 .debug_macro   0x00013882       0x89 cmake/stm32cubemx/CMakeFiles/STM32_Drivers.dir/__/__/Core/Src/system_stm32f4xx.c.obj
 .debug_macro   0x0001390b      0x225 cmake/stm32cubemx/CMakeFiles/STM32_Drivers.dir/__/__/Core/Src/system_stm32f4xx.c.obj
 .debug_macro   0x00013b30      0x8ed cmake/stm32cubemx/CMakeFiles/STM32_Drivers.dir/__/__/Core/Src/system_stm32f4xx.c.obj
 .debug_macro   0x0001441d       0x47 cmake/stm32cubemx/CMakeFiles/STM32_Drivers.dir/__/__/Core/Src/system_stm32f4xx.c.obj
 .debug_macro   0x00014464      0x2aa cmake/stm32cubemx/CMakeFiles/STM32_Drivers.dir/__/__/Core/Src/system_stm32f4xx.c.obj
 .debug_macro   0x0001470e      0x126 cmake/stm32cubemx/CMakeFiles/STM32_Drivers.dir/__/__/Core/Src/system_stm32f4xx.c.obj
 .debug_macro   0x00014834      0x23f cmake/stm32cubemx/CMakeFiles/STM32_Drivers.dir/__/__/Drivers/STM32F4xx_HAL_Driver/Src/stm32f4xx_hal_i2c.c.obj
 .debug_macro   0x00014a73      0x215 cmake/stm32cubemx/CMakeFiles/STM32_Drivers.dir/__/__/Drivers/STM32F4xx_HAL_Driver/Src/stm32f4xx_hal_rcc.c.obj
 .debug_macro   0x00014c88      0x1f7 cmake/stm32cubemx/CMakeFiles/STM32_Drivers.dir/__/__/Drivers/STM32F4xx_HAL_Driver/Src/stm32f4xx_hal_gpio.c.obj
 .debug_macro   0x00014e7f      0x1f7 cmake/stm32cubemx/CMakeFiles/STM32_Drivers.dir/__/__/Drivers/STM32F4xx_HAL_Driver/Src/stm32f4xx_hal_dma.c.obj
 .debug_macro   0x00015076      0x1f1 cmake/stm32cubemx/CMakeFiles/STM32_Drivers.dir/__/__/Drivers/STM32F4xx_HAL_Driver/Src/stm32f4xx_hal_cortex.c.obj
 .debug_macro   0x00015267      0x251 cmake/stm32cubemx/CMakeFiles/STM32_Drivers.dir/__/__/Drivers/STM32F4xx_HAL_Driver/Src/stm32f4xx_hal.c.obj
 .debug_macro   0x000154b8      0x200 cmake/stm32cubemx/CMakeFiles/STM32_Drivers.dir/__/__/Drivers/STM32F4xx_HAL_Driver/Src/stm32f4xx_hal_spi.c.obj
 .debug_macro   0x000156b8      0x1f2 cmake/stm32cubemx/CMakeFiles/STM32_Drivers.dir/__/__/Drivers/STM32F4xx_HAL_Driver/Src/stm32f4xx_hal_tim.c.obj
 .debug_macro   0x000158aa      0x1f1 cmake/stm32cubemx/CMakeFiles/STM32_Drivers.dir/__/__/Drivers/STM32F4xx_HAL_Driver/Src/stm32f4xx_hal_tim_ex.c.obj
 .debug_macro   0x00015a9b      0x1f2 cmake/stm32cubemx/CMakeFiles/STM32_Drivers.dir/__/__/Drivers/STM32F4xx_HAL_Driver/Src/stm32f4xx_hal_uart.c.obj
 .debug_macro   0x00015c8d      0x341 CMakeFiles/Drone.dir/Core/Src/main.c.obj
 .debug_macro   0x00015fce       0x10 CMakeFiles/Drone.dir/Core/Src/main.c.obj
 .debug_macro   0x00015fde       0x28 CMakeFiles/Drone.dir/Core/Src/main.c.obj
 .debug_macro   0x00016006       0x76 CMakeFiles/Drone.dir/Core/Src/main.c.obj
 .debug_macro   0x0001607c       0x74 CMakeFiles/Drone.dir/Core/Src/main.c.obj
 .debug_macro   0x000160f0       0x2a CMakeFiles/Drone.dir/Core/Src/main.c.obj
 .debug_macro   0x0001611a       0x3c CMakeFiles/Drone.dir/Core/Src/main.c.obj
 .debug_macro   0x00016156       0x34 CMakeFiles/Drone.dir/Core/Src/main.c.obj
 .debug_macro   0x0001618a      0x370 CMakeFiles/Drone.dir/Core/Src/main.c.obj
 .debug_macro   0x000164fa       0x16 CMakeFiles/Drone.dir/Core/Src/main.c.obj
 .debug_macro   0x00016510       0x4a CMakeFiles/Drone.dir/Core/Src/main.c.obj
 .debug_macro   0x0001655a       0x34 CMakeFiles/Drone.dir/Core/Src/main.c.obj
 .debug_macro   0x0001658e       0x10 CMakeFiles/Drone.dir/Core/Src/main.c.obj
 .debug_macro   0x0001659e       0x58 CMakeFiles/Drone.dir/Core/Src/main.c.obj
 .debug_macro   0x000165f6      0x1e5 CMakeFiles/Drone.dir/Core/Src/main.c.obj
 .debug_macro   0x000167db       0x10 CMakeFiles/Drone.dir/Core/Src/main.c.obj
 .debug_macro   0x000167eb       0x3c CMakeFiles/Drone.dir/Core/Src/main.c.obj
 .debug_macro   0x00016827       0x20 CMakeFiles/Drone.dir/Core/Src/main.c.obj
 .debug_macro   0x00016847       0x16 CMakeFiles/Drone.dir/Core/Src/main.c.obj
 .debug_macro   0x0001685d       0x16 CMakeFiles/Drone.dir/Core/Src/main.c.obj
 .debug_macro   0x00016873       0x29 CMakeFiles/Drone.dir/Core/Src/main.c.obj
 .debug_macro   0x0001689c      0x205 CMakeFiles/Drone.dir/Core/Src/stm32f4xx_it.c.obj
 .debug_macro   0x00016aa1      0x1fb CMakeFiles/Drone.dir/Core/Src/stm32f4xx_hal_msp.c.obj
 .debug_macro   0x00016c9c      0x20b CMakeFiles/Drone.dir/Core/Src/DHT11_22.c.obj
 .debug_macro   0x00016ea7       0x7b CMakeFiles/Drone.dir/Core/Src/scheduler.c.obj
 .debug_macro   0x00016f22      0x339 CMakeFiles/Drone.dir/Core/Src/tasks.c.obj

.debug_line     0x00000000    0x143e9
 .debug_line    0x00000000      0x754 cmake/stm32cubemx/CMakeFiles/STM32_Drivers.dir/__/__/Core/Src/system_stm32f4xx.c.obj
 .debug_line    0x00000754     0x3a7d cmake/stm32cubemx/CMakeFiles/STM32_Drivers.dir/__/__/Drivers/STM32F4xx_HAL_Driver/Src/stm32f4xx_hal_i2c.c.obj
 .debug_line    0x000041d1      0xddd cmake/stm32cubemx/CMakeFiles/STM32_Drivers.dir/__/__/Drivers/STM32F4xx_HAL_Driver/Src/stm32f4xx_hal_rcc.c.obj
 .debug_line    0x00004fae      0xaec cmake/stm32cubemx/CMakeFiles/STM32_Drivers.dir/__/__/Drivers/STM32F4xx_HAL_Driver/Src/stm32f4xx_hal_gpio.c.obj
 .debug_line    0x00005a9a      0xf3c cmake/stm32cubemx/CMakeFiles/STM32_Drivers.dir/__/__/Drivers/STM32F4xx_HAL_Driver/Src/stm32f4xx_hal_dma.c.obj
 .debug_line    0x000069d6      0xca0 cmake/stm32cubemx/CMakeFiles/STM32_Drivers.dir/__/__/Drivers/STM32F4xx_HAL_Driver/Src/stm32f4xx_hal_cortex.c.obj
 .debug_line    0x00007676      0x9d0 cmake/stm32cubemx/CMakeFiles/STM32_Drivers.dir/__/__/Drivers/STM32F4xx_HAL_Driver/Src/stm32f4xx_hal.c.obj
 .debug_line    0x00008046     0x1c6b cmake/stm32cubemx/CMakeFiles/STM32_Drivers.dir/__/__/Drivers/STM32F4xx_HAL_Driver/Src/stm32f4xx_hal_spi.c.obj
 .debug_line    0x00009cb1     0x350f cmake/stm32cubemx/CMakeFiles/STM32_Drivers.dir/__/__/Drivers/STM32F4xx_HAL_Driver/Src/stm32f4xx_hal_tim.c.obj
 .debug_line    0x0000d1c0     0x18cb cmake/stm32cubemx/CMakeFiles/STM32_Drivers.dir/__/__/Drivers/STM32F4xx_HAL_Driver/Src/stm32f4xx_hal_tim_ex.c.obj
 .debug_line    0x0000ea8b     0x2518 cmake/stm32cubemx/CMakeFiles/STM32_Drivers.dir/__/__/Drivers/STM32F4xx_HAL_Driver/Src/stm32f4xx_hal_uart.c.obj
 .debug_line    0x00010fa3      0xbbb CMakeFiles/Drone.dir/Core/Src/main.c.obj
 .debug_line    0x00011b5e      0x7d5 CMakeFiles/Drone.dir/Core/Src/stm32f4xx_it.c.obj
 .debug_line    0x00012333      0x8af CMakeFiles/Drone.dir/Core/Src/stm32f4xx_hal_msp.c.obj
 .debug_line    0x00012be2       0x7a CMakeFiles/Drone.dir/startup_stm32f411xe.s.obj
 .debug_line    0x00012c5c      0x916 CMakeFiles/Drone.dir/Core/Src/DHT11_22.c.obj
 .debug_line    0x00013572      0x4cb CMakeFiles/Drone.dir/Core/Src/scheduler.c.obj
 .debug_line    0x00013a3d      0x8b6 CMakeFiles/Drone.dir/Core/Src/tasks.c.obj
 .debug_line    0x000142f3       0xf6 C:/ST/STM32CubeCLT_1.18.0/GNU-tools-for-STM32/bin/../lib/gcc/arm-none-eabi/13.3.1/../../../../arm-none-eabi/lib/thumb/v7e-m+fp/hard\libg_nano.a(libc_a-strcpy.o)

.debug_str      0x00000000    0x9222d
 .debug_str     0x00000000    0x9222d cmake/stm32cubemx/CMakeFiles/STM32_Drivers.dir/__/__/Core/Src/system_stm32f4xx.c.obj
                              0x8a123 (size before relaxing)
 .debug_str     0x0009222d    0x8b134 cmake/stm32cubemx/CMakeFiles/STM32_Drivers.dir/__/__/Drivers/STM32F4xx_HAL_Driver/Src/stm32f4xx_hal_i2c.c.obj
 .debug_str     0x0009222d    0x8a557 cmake/stm32cubemx/CMakeFiles/STM32_Drivers.dir/__/__/Drivers/STM32F4xx_HAL_Driver/Src/stm32f4xx_hal_rcc.c.obj
 .debug_str     0x0009222d    0x8a29e cmake/stm32cubemx/CMakeFiles/STM32_Drivers.dir/__/__/Drivers/STM32F4xx_HAL_Driver/Src/stm32f4xx_hal_gpio.c.obj
 .debug_str     0x0009222d    0x8a52b cmake/stm32cubemx/CMakeFiles/STM32_Drivers.dir/__/__/Drivers/STM32F4xx_HAL_Driver/Src/stm32f4xx_hal_dma.c.obj
 .debug_str     0x0009222d    0x8a8b9 cmake/stm32cubemx/CMakeFiles/STM32_Drivers.dir/__/__/Drivers/STM32F4xx_HAL_Driver/Src/stm32f4xx_hal_cortex.c.obj
 .debug_str     0x0009222d    0x8ab4f cmake/stm32cubemx/CMakeFiles/STM32_Drivers.dir/__/__/Drivers/STM32F4xx_HAL_Driver/Src/stm32f4xx_hal.c.obj
 .debug_str     0x0009222d    0x8a9cf cmake/stm32cubemx/CMakeFiles/STM32_Drivers.dir/__/__/Drivers/STM32F4xx_HAL_Driver/Src/stm32f4xx_hal_spi.c.obj
 .debug_str     0x0009222d    0x8b49b cmake/stm32cubemx/CMakeFiles/STM32_Drivers.dir/__/__/Drivers/STM32F4xx_HAL_Driver/Src/stm32f4xx_hal_tim.c.obj
 .debug_str     0x0009222d    0x8aca7 cmake/stm32cubemx/CMakeFiles/STM32_Drivers.dir/__/__/Drivers/STM32F4xx_HAL_Driver/Src/stm32f4xx_hal_tim_ex.c.obj
 .debug_str     0x0009222d    0x8ab26 cmake/stm32cubemx/CMakeFiles/STM32_Drivers.dir/__/__/Drivers/STM32F4xx_HAL_Driver/Src/stm32f4xx_hal_uart.c.obj
 .debug_str     0x0009222d    0x8e5cb CMakeFiles/Drone.dir/Core/Src/main.c.obj
 .debug_str     0x0009222d    0x8a7ab CMakeFiles/Drone.dir/Core/Src/stm32f4xx_it.c.obj
 .debug_str     0x0009222d    0x8b113 CMakeFiles/Drone.dir/Core/Src/stm32f4xx_hal_msp.c.obj
 .debug_str     0x0009222d       0x90 CMakeFiles/Drone.dir/startup_stm32f411xe.s.obj
 .debug_str     0x0009222d    0x8a1bb CMakeFiles/Drone.dir/Core/Src/DHT11_22.c.obj
 .debug_str     0x0009222d     0x4264 CMakeFiles/Drone.dir/Core/Src/scheduler.c.obj
 .debug_str     0x0009222d    0x8d52a CMakeFiles/Drone.dir/Core/Src/tasks.c.obj
 .debug_str     0x0009222d      0x20f C:/ST/STM32CubeCLT_1.18.0/GNU-tools-for-STM32/bin/../lib/gcc/arm-none-eabi/13.3.1/../../../../arm-none-eabi/lib/thumb/v7e-m+fp/hard\libg_nano.a(libc_a-strcpy.o)

.debug_line_str
                0x00000000       0x74
 .debug_line_str
                0x00000000       0x74 CMakeFiles/Drone.dir/startup_stm32f411xe.s.obj

.debug_loclists
                0x00000000       0x29
 .debug_loclists
                0x00000000       0x29 C:/ST/STM32CubeCLT_1.18.0/GNU-tools-for-STM32/bin/../lib/gcc/arm-none-eabi/13.3.1/../../../../arm-none-eabi/lib/thumb/v7e-m+fp/hard\libg_nano.a(libc_a-strcpy.o)
