Archive member included to satisfy reference by file (symbol)

C:/ST/STM32CubeCLT_1.18.0/GNU-tools-for-STM32/bin/../lib/gcc/arm-none-eabi/13.3.1/../../../../arm-none-eabi/lib/thumb/v7e-m+fp/hard\libc_nano.a(libc_a-exit.o)
                              C:/ST/STM32CubeCLT_1.18.0/GNU-tools-for-STM32/bin/../lib/gcc/arm-none-eabi/13.3.1/../../../../arm-none-eabi/lib/thumb/v7e-m+fp/hard/crt0.o (exit)
C:/ST/STM32CubeCLT_1.18.0/GNU-tools-for-STM32/bin/../lib/gcc/arm-none-eabi/13.3.1/../../../../arm-none-eabi/lib/thumb/v7e-m+fp/hard\libc_nano.a(libc_a-findfp.o)
                              C:/ST/STM32CubeCLT_1.18.0/GNU-tools-for-STM32/bin/../lib/gcc/arm-none-eabi/13.3.1/../../../../arm-none-eabi/lib/thumb/v7e-m+fp/hard\libc_nano.a(libc_a-exit.o) (__stdio_exit_handler)
C:/ST/STM32CubeCLT_1.18.0/GNU-tools-for-STM32/bin/../lib/gcc/arm-none-eabi/13.3.1/../../../../arm-none-eabi/lib/thumb/v7e-m+fp/hard\libc_nano.a(libc_a-fwalk.o)
                              C:/ST/STM32CubeCLT_1.18.0/GNU-tools-for-STM32/bin/../lib/gcc/arm-none-eabi/13.3.1/../../../../arm-none-eabi/lib/thumb/v7e-m+fp/hard\libc_nano.a(libc_a-findfp.o) (_fwalk_sglue)
C:/ST/STM32CubeCLT_1.18.0/GNU-tools-for-STM32/bin/../lib/gcc/arm-none-eabi/13.3.1/../../../../arm-none-eabi/lib/thumb/v7e-m+fp/hard\libc_nano.a(libc_a-stdio.o)
                              C:/ST/STM32CubeCLT_1.18.0/GNU-tools-for-STM32/bin/../lib/gcc/arm-none-eabi/13.3.1/../../../../arm-none-eabi/lib/thumb/v7e-m+fp/hard\libc_nano.a(libc_a-findfp.o) (__sread)
C:/ST/STM32CubeCLT_1.18.0/GNU-tools-for-STM32/bin/../lib/gcc/arm-none-eabi/13.3.1/../../../../arm-none-eabi/lib/thumb/v7e-m+fp/hard\libc_nano.a(libc_a-memset.o)
                              C:/ST/STM32CubeCLT_1.18.0/GNU-tools-for-STM32/bin/../lib/gcc/arm-none-eabi/13.3.1/../../../../arm-none-eabi/lib/thumb/v7e-m+fp/hard/crt0.o (memset)
C:/ST/STM32CubeCLT_1.18.0/GNU-tools-for-STM32/bin/../lib/gcc/arm-none-eabi/13.3.1/../../../../arm-none-eabi/lib/thumb/v7e-m+fp/hard\libc_nano.a(libc_a-closer.o)
                              C:/ST/STM32CubeCLT_1.18.0/GNU-tools-for-STM32/bin/../lib/gcc/arm-none-eabi/13.3.1/../../../../arm-none-eabi/lib/thumb/v7e-m+fp/hard\libc_nano.a(libc_a-stdio.o) (_close_r)
C:/ST/STM32CubeCLT_1.18.0/GNU-tools-for-STM32/bin/../lib/gcc/arm-none-eabi/13.3.1/../../../../arm-none-eabi/lib/thumb/v7e-m+fp/hard\libc_nano.a(libc_a-reent.o)
                              C:/ST/STM32CubeCLT_1.18.0/GNU-tools-for-STM32/bin/../lib/gcc/arm-none-eabi/13.3.1/../../../../arm-none-eabi/lib/thumb/v7e-m+fp/hard\libc_nano.a(libc_a-closer.o) (errno)
C:/ST/STM32CubeCLT_1.18.0/GNU-tools-for-STM32/bin/../lib/gcc/arm-none-eabi/13.3.1/../../../../arm-none-eabi/lib/thumb/v7e-m+fp/hard\libc_nano.a(libc_a-impure.o)
                              C:/ST/STM32CubeCLT_1.18.0/GNU-tools-for-STM32/bin/../lib/gcc/arm-none-eabi/13.3.1/../../../../arm-none-eabi/lib/thumb/v7e-m+fp/hard\libc_nano.a(libc_a-reent.o) (_impure_ptr)
C:/ST/STM32CubeCLT_1.18.0/GNU-tools-for-STM32/bin/../lib/gcc/arm-none-eabi/13.3.1/../../../../arm-none-eabi/lib/thumb/v7e-m+fp/hard\libc_nano.a(libc_a-lseekr.o)
                              C:/ST/STM32CubeCLT_1.18.0/GNU-tools-for-STM32/bin/../lib/gcc/arm-none-eabi/13.3.1/../../../../arm-none-eabi/lib/thumb/v7e-m+fp/hard\libc_nano.a(libc_a-stdio.o) (_lseek_r)
C:/ST/STM32CubeCLT_1.18.0/GNU-tools-for-STM32/bin/../lib/gcc/arm-none-eabi/13.3.1/../../../../arm-none-eabi/lib/thumb/v7e-m+fp/hard\libc_nano.a(libc_a-readr.o)
                              C:/ST/STM32CubeCLT_1.18.0/GNU-tools-for-STM32/bin/../lib/gcc/arm-none-eabi/13.3.1/../../../../arm-none-eabi/lib/thumb/v7e-m+fp/hard\libc_nano.a(libc_a-stdio.o) (_read_r)
C:/ST/STM32CubeCLT_1.18.0/GNU-tools-for-STM32/bin/../lib/gcc/arm-none-eabi/13.3.1/../../../../arm-none-eabi/lib/thumb/v7e-m+fp/hard\libc_nano.a(libc_a-writer.o)
                              C:/ST/STM32CubeCLT_1.18.0/GNU-tools-for-STM32/bin/../lib/gcc/arm-none-eabi/13.3.1/../../../../arm-none-eabi/lib/thumb/v7e-m+fp/hard\libc_nano.a(libc_a-stdio.o) (_write_r)
C:/ST/STM32CubeCLT_1.18.0/GNU-tools-for-STM32/bin/../lib/gcc/arm-none-eabi/13.3.1/../../../../arm-none-eabi/lib/thumb/v7e-m+fp/hard\libc_nano.a(libc_a-init.o)
                              C:/ST/STM32CubeCLT_1.18.0/GNU-tools-for-STM32/bin/../lib/gcc/arm-none-eabi/13.3.1/../../../../arm-none-eabi/lib/thumb/v7e-m+fp/hard/crt0.o (__libc_init_array)
C:/ST/STM32CubeCLT_1.18.0/GNU-tools-for-STM32/bin/../lib/gcc/arm-none-eabi/13.3.1/../../../../arm-none-eabi/lib/thumb/v7e-m+fp/hard\libc_nano.a(libc_a-lock.o)
                              C:/ST/STM32CubeCLT_1.18.0/GNU-tools-for-STM32/bin/../lib/gcc/arm-none-eabi/13.3.1/../../../../arm-none-eabi/lib/thumb/v7e-m+fp/hard\libc_nano.a(libc_a-findfp.o) (__retarget_lock_init_recursive)
C:/ST/STM32CubeCLT_1.18.0/GNU-tools-for-STM32/bin/../lib/gcc/arm-none-eabi/13.3.1/../../../../arm-none-eabi/lib/thumb/v7e-m+fp/hard\libc_nano.a(libc_a-freer.o)
[...]
Memory Configuration

Name             Origin             Length             Attributes
RAM              0x20000000         0x00020000         xrw
FLASH            0x08000000         0x00080000         xr
*default*        0x00000000         0xffffffff

Linker script and memory map

LOAD C:/ST/STM32CubeCLT_1.18.0/GNU-tools-for-STM32/bin/../lib/gcc/arm-none-eabi/13.3.1/thumb/v7e-m+fp/hard/crti.o
LOAD C:/ST/STM32CubeCLT_1.18.0/GNU-tools-for-STM32/bin/../lib/gcc/arm-none-eabi/13.3.1/thumb/v7e-m+fp/hard/crtbegin.o
LOAD C:/ST/STM32CubeCLT_1.18.0/GNU-tools-for-STM32/bin/../lib/gcc/arm-none-eabi/13.3.1/../../../../arm-none-eabi/lib/thumb/v7e-m+fp/hard/crt0.o
START GROUP
LOAD C:/ST/STM32CubeCLT_1.18.0/GNU-tools-for-STM32/bin/../lib/gcc/arm-none-eabi/13.3.1/../../../../arm-none-eabi/lib/thumb/v7e-m+fp/hard\libc_nano.a
LOAD C:/ST/STM32CubeCLT_1.18.0/GNU-tools-for-STM32/bin/../lib/gcc/arm-none-eabi/13.3.1/../../../../arm-none-eabi/lib/thumb/v7e-m+fp/hard\libm.a
END GROUP
LOAD cmake/stm32cubemx/CMakeFiles/STM32_Drivers.dir/__/__/Core/Src/system_stm32f4xx.c.obj
LOAD cmake/stm32cubemx/CMakeFiles/STM32_Drivers.dir/__/__/Drivers/STM32F4xx_HAL_Driver/Src/stm32f4xx_hal_i2c.c.obj
LOAD cmake/stm32cubemx/CMakeFiles/STM32_Drivers.dir/__/__/Drivers/STM32F4xx_HAL_Driver/Src/stm32f4xx_hal_i2c_ex.c.obj
LOAD cmake/stm32cubemx/CMakeFiles/STM32_Drivers.dir/__/__/Drivers/STM32F4xx_HAL_Driver/Src/stm32f4xx_hal_rcc.c.obj
LOAD cmake/stm32cubemx/CMakeFiles/STM32_Drivers.dir/__/__/Drivers/STM32F4xx_HAL_Driver/Src/stm32f4xx_hal_rcc_ex.c.obj
LOAD cmake/stm32cubemx/CMakeFiles/STM32_Drivers.dir/__/__/Drivers/STM32F4xx_HAL_Driver/Src/stm32f4xx_hal_flash.c.obj
LOAD cmake/stm32cubemx/CMakeFiles/STM32_Drivers.dir/__/__/Drivers/STM32F4xx_HAL_Driver/Src/stm32f4xx_hal_flash_ex.c.obj
LOAD cmake/stm32cubemx/CMakeFiles/STM32_Drivers.dir/__/__/Drivers/STM32F4xx_HAL_Driver/Src/stm32f4xx_hal_flash_ramfunc.c.obj
LOAD cmake/stm32cubemx/CMakeFiles/STM32_Drivers.dir/__/__/Drivers/STM32F4xx_HAL_Driver/Src/stm32f4xx_hal_gpio.c.obj
LOAD cmake/stm32cubemx/CMakeFiles/STM32_Drivers.dir/__/__/Drivers/STM32F4xx_HAL_Driver/Src/stm32f4xx_hal_dma_ex.c.obj
LOAD cmake/stm32cubemx/CMakeFiles/STM32_Drivers.dir/__/__/Drivers/STM32F4xx_HAL_Driver/Src/stm32f4xx_hal_dma.c.obj
LOAD cmake/stm32cubemx/CMakeFiles/STM32_Drivers.dir/__/__/Drivers/STM32F4xx_HAL_Driver/Src/stm32f4xx_hal_pwr.c.obj
LOAD cmake/stm32cubemx/CMakeFiles/STM32_Drivers.dir/__/__/Drivers/STM32F4xx_HAL_Driver/Src/stm32f4xx_hal_pwr_ex.c.obj
LOAD cmake/stm32cubemx/CMakeFiles/STM32_Drivers.dir/__/__/Drivers/STM32F4xx_HAL_Driver/Src/stm32f4xx_hal_cortex.c.obj
LOAD cmake/stm32cubemx/CMakeFiles/STM32_Drivers.dir/__/__/Drivers/STM32F4xx_HAL_Driver/Src/stm32f4xx_hal.c.obj
LOAD cmake/stm32cubemx/CMakeFiles/STM32_Drivers.dir/__/__/Drivers/STM32F4xx_HAL_Driver/Src/stm32f4xx_hal_exti.c.obj
LOAD cmake/stm32cubemx/CMakeFiles/STM32_Drivers.dir/__/__/Drivers/STM32F4xx_HAL_Driver/Src/stm32f4xx_hal_tim.c.obj
LOAD cmake/stm32cubemx/CMakeFiles/STM32_Drivers.dir/__/__/Drivers/STM32F4xx_HAL_Driver/Src/stm32f4xx_hal_tim_ex.c.obj
LOAD cmake/stm32cubemx/CMakeFiles/STM32_Drivers.dir/__/__/Drivers/STM32F4xx_HAL_Driver/Src/stm32f4xx_hal_uart.c.obj
LOAD CMakeFiles/Drone.dir/Core/Src/button.c.obj
LOAD CMakeFiles/Drone.dir/Core/Src/main.c.obj
LOAD CMakeFiles/Drone.dir/Core/Src/scheduler.c.obj
LOAD CMakeFiles/Drone.dir/Core/Src/software_timer.c.obj
LOAD CMakeFiles/Drone.dir/Core/Src/stm32f4xx_it.c.obj
LOAD CMakeFiles/Drone.dir/Core/Src/stm32f4xx_hal_msp.c.obj
LOAD CMakeFiles/Drone.dir/Core/Src/sysmem.c.obj
LOAD CMakeFiles/Drone.dir/Core/Src/syscalls.c.obj
LOAD CMakeFiles/Drone.dir/Core/Src/tasks.c.obj
LOAD CMakeFiles/Drone.dir/startup_stm32f411xe.s.obj
START GROUP
LOAD C:/ST/STM32CubeCLT_1.18.0/GNU-tools-for-STM32/bin/../lib/gcc/arm-none-eabi/13.3.1/thumb/v7e-m+fp/hard\libgcc.a
LOAD C:/ST/STM32CubeCLT_1.18.0/GNU-tools-for-STM32/bin/../lib/gcc/arm-none-eabi/13.3.1/../../../../arm-none-eabi/lib/thumb/v7e-m+fp/hard\libg_nano.a
LOAD C:/ST/STM32CubeCLT_1.18.0/GNU-tools-for-STM32/bin/../lib/gcc/arm-none-eabi/13.3.1/../../../../arm-none-eabi/lib/thumb/v7e-m+fp/hard\libc_nano.a
END GROUP
START GROUP
LOAD C:/ST/STM32CubeCLT_1.18.0/GNU-tools-for-STM32/bin/../lib/gcc/arm-none-eabi/13.3.1/thumb/v7e-m+fp/hard\libgcc.a
LOAD C:/ST/STM32CubeCLT_1.18.0/GNU-tools-for-STM32/bin/../lib/gcc/arm-none-eabi/13.3.1/../../../../arm-none-eabi/lib/thumb/v7e-m+fp/hard\libc_nano.a
END GROUP
LOAD C:/ST/STM32CubeCLT_1.18.0/GNU-tools-for-STM32/bin/../lib/gcc/arm-none-eabi/13.3.1/thumb/v7e-m+fp/hard/crtend.o
LOAD C:/ST/STM32CubeCLT_1.18.0/GNU-tools-for-STM32/bin/../lib/gcc/arm-none-eabi/13.3.1/thumb/v7e-m+fp/hard/crtn.o
                0x20020000                        _estack = (ORIGIN (RAM) + LENGTH (RAM))
                0x00000800                        _Min_Heap_Size = 0x800
                0x00000800                        _Min_Stack_Size = 0x800

.isr_vector     0x08000000      0x198
                0x08000000                        . = ALIGN (0x4)
 *(.isr_vector)
 .isr_vector    0x08000000      0x198 CMakeFiles/Drone.dir/startup_stm32f411xe.s.obj
                0x08000000                g_pfnVectors
                0x08000198                        . = ALIGN (0x4)

.text           0x08000198     0x1c88
                0x08000198                        . = ALIGN (0x4)
 *(.text)
 .text          0x08000198       0x40 C:/ST/STM32CubeCLT_1.18.0/GNU-tools-for-STM32/bin/../lib/gcc/arm-none-eabi/13.3.1/thumb/v7e-m+fp/hard/crtbegin.o
 .text          0x080001d8       0x30 C:/ST/STM32CubeCLT_1.18.0/GNU-tools-for-STM32/bin/../lib/gcc/arm-none-eabi/13.3.1/thumb/v7e-m+fp/hard\libgcc.a(_aeabi_uldivmod.o)
                0x080001d8                __aeabi_uldivmod
 .text          0x08000208      0x2f8 C:/ST/STM32CubeCLT_1.18.0/GNU-tools-for-STM32/bin/../lib/gcc/arm-none-eabi/13.3.1/thumb/v7e-m+fp/hard\libgcc.a(_udivmoddi4.o)
                0x08000208                __udivmoddi4
 .text          0x08000500        0x4 C:/ST/STM32CubeCLT_1.18.0/GNU-tools-for-STM32/bin/../lib/gcc/arm-none-eabi/13.3.1/thumb/v7e-m+fp/hard\libgcc.a(_dvmd_tls.o)
                0x08000500                __aeabi_idiv0
                0x08000500                __aeabi_ldiv0
 *(.text*)
 .text.memset   0x08000504       0x10 C:/ST/STM32CubeCLT_1.18.0/GNU-tools-for-STM32/bin/../lib/gcc/arm-none-eabi/13.3.1/../../../../arm-none-eabi/lib/thumb/v7e-m+fp/hard\libc_nano.a(libc_a-memset.o)
                0x08000504                memset
 .text.__libc_init_array
                0x08000514       0x48 C:/ST/STM32CubeCLT_1.18.0/GNU-tools-for-STM32/bin/../lib/gcc/arm-none-eabi/13.3.1/../../../../arm-none-eabi/lib/thumb/v7e-m+fp/hard\libc_nano.a(libc_a-init.o)
                0x08000514                __libc_init_array
 .text.SystemInit
                0x0800055c       0x14 cmake/stm32cubemx/CMakeFiles/STM32_Drivers.dir/__/__/Core/Src/system_stm32f4xx.c.obj
                0x0800055c                SystemInit
 .text.HAL_I2C_Init
                0x08000570      0x150 cmake/stm32cubemx/CMakeFiles/STM32_Drivers.dir/__/__/Drivers/STM32F4xx_HAL_Driver/Src/stm32f4xx_hal_i2c.c.obj
                0x08000570                HAL_I2C_Init
 .text.HAL_RCC_OscConfig
                0x080006c0      0x35c cmake/stm32cubemx/CMakeFiles/STM32_Drivers.dir/__/__/Drivers/STM32F4xx_HAL_Driver/Src/stm32f4xx_hal_rcc.c.obj
                0x080006c0                HAL_RCC_OscConfig
 .text.HAL_RCC_GetSysClockFreq
                0x08000a1c       0x5c cmake/stm32cubemx/CMakeFiles/STM32_Drivers.dir/__/__/Drivers/STM32F4xx_HAL_Driver/Src/stm32f4xx_hal_rcc.c.obj
                0x08000a1c                HAL_RCC_GetSysClockFreq
 .text.HAL_RCC_ClockConfig
                0x08000a78      0x134 cmake/stm32cubemx/CMakeFiles/STM32_Drivers.dir/__/__/Drivers/STM32F4xx_HAL_Driver/Src/stm32f4xx_hal_rcc.c.obj
                0x08000a78                HAL_RCC_ClockConfig
 .text.HAL_RCC_GetPCLK1Freq
                0x08000bac       0x20 cmake/stm32cubemx/CMakeFiles/STM32_Drivers.dir/__/__/Drivers/STM32F4xx_HAL_Driver/Src/stm32f4xx_hal_rcc.c.obj
                0x08000bac                HAL_RCC_GetPCLK1Freq
 .text.HAL_RCC_GetPCLK2Freq
                0x08000bcc       0x20 cmake/stm32cubemx/CMakeFiles/STM32_Drivers.dir/__/__/Drivers/STM32F4xx_HAL_Driver/Src/stm32f4xx_hal_rcc.c.obj
                0x08000bcc                HAL_RCC_GetPCLK2Freq
 .text.HAL_GPIO_Init
                0x08000bec      0x18c cmake/stm32cubemx/CMakeFiles/STM32_Drivers.dir/__/__/Drivers/STM32F4xx_HAL_Driver/Src/stm32f4xx_hal_gpio.c.obj
                0x08000bec                HAL_GPIO_Init
 .text.HAL_GPIO_WritePin
                0x08000d78        0xa cmake/stm32cubemx/CMakeFiles/STM32_Drivers.dir/__/__/Drivers/STM32F4xx_HAL_Driver/Src/stm32f4xx_hal_gpio.c.obj
                0x08000d78                HAL_GPIO_WritePin
 .text.HAL_GPIO_TogglePin
                0x08000d82       0x12 cmake/stm32cubemx/CMakeFiles/STM32_Drivers.dir/__/__/Drivers/STM32F4xx_HAL_Driver/Src/stm32f4xx_hal_gpio.c.obj
                0x08000d82                HAL_GPIO_TogglePin
 .text.HAL_NVIC_SetPriorityGrouping
                0x08000d94       0x24 cmake/stm32cubemx/CMakeFiles/STM32_Drivers.dir/__/__/Drivers/STM32F4xx_HAL_Driver/Src/stm32f4xx_hal_cortex.c.obj
                0x08000d94                HAL_NVIC_SetPriorityGrouping
 .text.HAL_NVIC_SetPriority
                0x08000db8       0x64 cmake/stm32cubemx/CMakeFiles/STM32_Drivers.dir/__/__/Drivers/STM32F4xx_HAL_Driver/Src/stm32f4xx_hal_cortex.c.obj
                0x08000db8                HAL_NVIC_SetPriority
 .text.HAL_NVIC_EnableIRQ
                0x08000e1c       0x1c cmake/stm32cubemx/CMakeFiles/STM32_Drivers.dir/__/__/Drivers/STM32F4xx_HAL_Driver/Src/stm32f4xx_hal_cortex.c.obj
                0x08000e1c                HAL_NVIC_EnableIRQ
 .text.HAL_SYSTICK_Config
                0x08000e38       0x28 cmake/stm32cubemx/CMakeFiles/STM32_Drivers.dir/__/__/Drivers/STM32F4xx_HAL_Driver/Src/stm32f4xx_hal_cortex.c.obj
                0x08000e38                HAL_SYSTICK_Config
 .text.HAL_InitTick
                0x08000e60       0x48 cmake/stm32cubemx/CMakeFiles/STM32_Drivers.dir/__/__/Drivers/STM32F4xx_HAL_Driver/Src/stm32f4xx_hal.c.obj
                0x08000e60                HAL_InitTick
 .text.HAL_Init
                0x08000ea8       0x34 cmake/stm32cubemx/CMakeFiles/STM32_Drivers.dir/__/__/Drivers/STM32F4xx_HAL_Driver/Src/stm32f4xx_hal.c.obj
                0x08000ea8                HAL_Init
 .text.HAL_IncTick
                0x08000edc       0x18 cmake/stm32cubemx/CMakeFiles/STM32_Drivers.dir/__/__/Drivers/STM32F4xx_HAL_Driver/Src/stm32f4xx_hal.c.obj
                0x08000edc                HAL_IncTick
 .text.HAL_GetTick
                0x08000ef4        0xc cmake/stm32cubemx/CMakeFiles/STM32_Drivers.dir/__/__/Drivers/STM32F4xx_HAL_Driver/Src/stm32f4xx_hal.c.obj
                0x08000ef4                HAL_GetTick
 .text.TIM_OC1_SetConfig
                0x08000f00       0x50 cmake/stm32cubemx/CMakeFiles/STM32_Drivers.dir/__/__/Drivers/STM32F4xx_HAL_Driver/Src/stm32f4xx_hal_tim.c.obj
 .text.TIM_OC3_SetConfig
                0x08000f50       0x54 cmake/stm32cubemx/CMakeFiles/STM32_Drivers.dir/__/__/Drivers/STM32F4xx_HAL_Driver/Src/stm32f4xx_hal_tim.c.obj
 .text.TIM_OC4_SetConfig
                0x08000fa4       0x44 cmake/stm32cubemx/CMakeFiles/STM32_Drivers.dir/__/__/Drivers/STM32F4xx_HAL_Driver/Src/stm32f4xx_hal_tim.c.obj
 .text.HAL_TIM_Base_Start_IT
                0x08000fe8       0x64 cmake/stm32cubemx/CMakeFiles/STM32_Drivers.dir/__/__/Drivers/STM32F4xx_HAL_Driver/Src/stm32f4xx_hal_tim.c.obj
                0x08000fe8                HAL_TIM_Base_Start_IT
 .text.HAL_TIM_OC_DelayElapsedCallback
                0x0800104c        0x2 cmake/stm32cubemx/CMakeFiles/STM32_Drivers.dir/__/__/Drivers/STM32F4xx_HAL_Driver/Src/stm32f4xx_hal_tim.c.obj
                0x0800104c                HAL_TIM_OC_DelayElapsedCallback
 .text.HAL_TIM_IC_CaptureCallback
                0x0800104e        0x2 cmake/stm32cubemx/CMakeFiles/STM32_Drivers.dir/__/__/Drivers/STM32F4xx_HAL_Driver/Src/stm32f4xx_hal_tim.c.obj
                0x0800104e                HAL_TIM_IC_CaptureCallback
 .text.HAL_TIM_PWM_PulseFinishedCallback
                0x08001050        0x2 cmake/stm32cubemx/CMakeFiles/STM32_Drivers.dir/__/__/Drivers/STM32F4xx_HAL_Driver/Src/stm32f4xx_hal_tim.c.obj
                0x08001050                HAL_TIM_PWM_PulseFinishedCallback
 .text.HAL_TIM_TriggerCallback
                0x08001052        0x2 cmake/stm32cubemx/CMakeFiles/STM32_Drivers.dir/__/__/Drivers/STM32F4xx_HAL_Driver/Src/stm32f4xx_hal_tim.c.obj
                0x08001052                HAL_TIM_TriggerCallback
 .text.HAL_TIM_IRQHandler
                0x08001054      0x128 cmake/stm32cubemx/CMakeFiles/STM32_Drivers.dir/__/__/Drivers/STM32F4xx_HAL_Driver/Src/stm32f4xx_hal_tim.c.obj
                0x08001054                HAL_TIM_IRQHandler
 .text.TIM_Base_SetConfig
                0x0800117c       0x80 cmake/stm32cubemx/CMakeFiles/STM32_Drivers.dir/__/__/Drivers/STM32F4xx_HAL_Driver/Src/stm32f4xx_hal_tim.c.obj
                0x0800117c                TIM_Base_SetConfig
 .text.HAL_TIM_Base_Init
                0x080011fc       0x58 cmake/stm32cubemx/CMakeFiles/STM32_Drivers.dir/__/__/Drivers/STM32F4xx_HAL_Driver/Src/stm32f4xx_hal_tim.c.obj
                0x080011fc                HAL_TIM_Base_Init
 .text.HAL_TIM_PWM_Init
                0x08001254       0x58 cmake/stm32cubemx/CMakeFiles/STM32_Drivers.dir/__/__/Drivers/STM32F4xx_HAL_Driver/Src/stm32f4xx_hal_tim.c.obj
                0x08001254                HAL_TIM_PWM_Init
 .text.TIM_OC2_SetConfig
                0x080012ac       0x58 cmake/stm32cubemx/CMakeFiles/STM32_Drivers.dir/__/__/Drivers/STM32F4xx_HAL_Driver/Src/stm32f4xx_hal_tim.c.obj
                0x080012ac                TIM_OC2_SetConfig
 .text.HAL_TIM_PWM_ConfigChannel
                0x08001304       0xb0 cmake/stm32cubemx/CMakeFiles/STM32_Drivers.dir/__/__/Drivers/STM32F4xx_HAL_Driver/Src/stm32f4xx_hal_tim.c.obj
                0x08001304                HAL_TIM_PWM_ConfigChannel
 .text.TIM_ETR_SetConfig
                0x080013b4       0x14 cmake/stm32cubemx/CMakeFiles/STM32_Drivers.dir/__/__/Drivers/STM32F4xx_HAL_Driver/Src/stm32f4xx_hal_tim.c.obj
                0x080013b4                TIM_ETR_SetConfig
 .text.HAL_TIM_ConfigClockSource
                0x080013c8      0x132 cmake/stm32cubemx/CMakeFiles/STM32_Drivers.dir/__/__/Drivers/STM32F4xx_HAL_Driver/Src/stm32f4xx_hal_tim.c.obj
                0x080013c8                HAL_TIM_ConfigClockSource
 *fill*         0x080014fa        0x2 
 .text.HAL_TIMEx_MasterConfigSynchronization
                0x080014fc       0x6c cmake/stm32cubemx/CMakeFiles/STM32_Drivers.dir/__/__/Drivers/STM32F4xx_HAL_Driver/Src/stm32f4xx_hal_tim_ex.c.obj
                0x080014fc                HAL_TIMEx_MasterConfigSynchronization
 .text.HAL_TIMEx_ConfigBreakDeadTime
                0x08001568       0x4c cmake/stm32cubemx/CMakeFiles/STM32_Drivers.dir/__/__/Drivers/STM32F4xx_HAL_Driver/Src/stm32f4xx_hal_tim_ex.c.obj
                0x08001568                HAL_TIMEx_ConfigBreakDeadTime
 .text.HAL_TIMEx_CommutCallback
                0x080015b4        0x2 cmake/stm32cubemx/CMakeFiles/STM32_Drivers.dir/__/__/Drivers/STM32F4xx_HAL_Driver/Src/stm32f4xx_hal_tim_ex.c.obj
                0x080015b4                HAL_TIMEx_CommutCallback
 .text.HAL_TIMEx_BreakCallback
                0x080015b6        0x2 cmake/stm32cubemx/CMakeFiles/STM32_Drivers.dir/__/__/Drivers/STM32F4xx_HAL_Driver/Src/stm32f4xx_hal_tim_ex.c.obj
                0x080015b6                HAL_TIMEx_BreakCallback
 .text.UART_SetConfig
                0x080015b8       0xbc cmake/stm32cubemx/CMakeFiles/STM32_Drivers.dir/__/__/Drivers/STM32F4xx_HAL_Driver/Src/stm32f4xx_hal_uart.c.obj
 .text.HAL_UART_Init
                0x08001674       0x5e cmake/stm32cubemx/CMakeFiles/STM32_Drivers.dir/__/__/Drivers/STM32F4xx_HAL_Driver/Src/stm32f4xx_hal_uart.c.obj
                0x08001674                HAL_UART_Init
 *fill*         0x080016d2        0x2 
 .text.SystemClock_Config
                0x080016d4       0xa0 CMakeFiles/Drone.dir/Core/Src/main.c.obj
                0x080016d4                SystemClock_Config
 .text.startup.main
                0x08001774      0x278 CMakeFiles/Drone.dir/Core/Src/main.c.obj
                0x08001774                main
 .text.HAL_TIM_PeriodElapsedCallback
                0x080019ec        0xe CMakeFiles/Drone.dir/Core/Src/main.c.obj
                0x080019ec                HAL_TIM_PeriodElapsedCallback
 *fill*         0x080019fa        0x2 
 .text.SCH_Init
                0x080019fc       0x18 CMakeFiles/Drone.dir/Core/Src/scheduler.c.obj
                0x080019fc                SCH_Init
 .text.swap     0x08001a14       0x22 CMakeFiles/Drone.dir/Core/Src/scheduler.c.obj
                0x08001a14                swap
 *fill*         0x08001a36        0x2 
 .text.heapify_up
                0x08001a38       0x28 CMakeFiles/Drone.dir/Core/Src/scheduler.c.obj
                0x08001a38                heapify_up
 .text.heapify_down
                0x08001a60       0x60 CMakeFiles/Drone.dir/Core/Src/scheduler.c.obj
                0x08001a60                heapify_down
 .text.SCH_Add_Task
                0x08001ac0       0x54 CMakeFiles/Drone.dir/Core/Src/scheduler.c.obj
                0x08001ac0                SCH_Add_Task
 .text.SCH_Update
                0x08001b14       0x10 CMakeFiles/Drone.dir/Core/Src/scheduler.c.obj
                0x08001b14                SCH_Update
 .text.SCH_Dispatch_Tasks
                0x08001b24       0x58 CMakeFiles/Drone.dir/Core/Src/scheduler.c.obj
                0x08001b24                SCH_Dispatch_Tasks
 .text.NMI_Handler
                0x08001b7c        0x2 CMakeFiles/Drone.dir/Core/Src/stm32f4xx_it.c.obj
                0x08001b7c                NMI_Handler
 .text.HardFault_Handler
                0x08001b7e        0x2 CMakeFiles/Drone.dir/Core/Src/stm32f4xx_it.c.obj
                0x08001b7e                HardFault_Handler
 .text.MemManage_Handler
                0x08001b80        0x2 CMakeFiles/Drone.dir/Core/Src/stm32f4xx_it.c.obj
                0x08001b80                MemManage_Handler
 .text.BusFault_Handler
                0x08001b82        0x2 CMakeFiles/Drone.dir/Core/Src/stm32f4xx_it.c.obj
                0x08001b82                BusFault_Handler
 .text.UsageFault_Handler
                0x08001b84        0x2 CMakeFiles/Drone.dir/Core/Src/stm32f4xx_it.c.obj
                0x08001b84                UsageFault_Handler
 .text.SVC_Handler
                0x08001b86        0x2 CMakeFiles/Drone.dir/Core/Src/stm32f4xx_it.c.obj
                0x08001b86                SVC_Handler
 .text.DebugMon_Handler
                0x08001b88        0x2 CMakeFiles/Drone.dir/Core/Src/stm32f4xx_it.c.obj
                0x08001b88                DebugMon_Handler
 .text.PendSV_Handler
                0x08001b8a        0x2 CMakeFiles/Drone.dir/Core/Src/stm32f4xx_it.c.obj
                0x08001b8a                PendSV_Handler
 .text.SysTick_Handler
                0x08001b8c        0x4 CMakeFiles/Drone.dir/Core/Src/stm32f4xx_it.c.obj
                0x08001b8c                SysTick_Handler
 .text.TIM2_IRQHandler
                0x08001b90        0xc CMakeFiles/Drone.dir/Core/Src/stm32f4xx_it.c.obj
                0x08001b90                TIM2_IRQHandler
 .text.HAL_MspInit
                0x08001b9c       0x38 CMakeFiles/Drone.dir/Core/Src/stm32f4xx_hal_msp.c.obj
                0x08001b9c                HAL_MspInit
 .text.HAL_I2C_MspInit
                0x08001bd4       0x6c CMakeFiles/Drone.dir/Core/Src/stm32f4xx_hal_msp.c.obj
                0x08001bd4                HAL_I2C_MspInit
 .text.HAL_TIM_PWM_MspInit
                0x08001c40       0x30 CMakeFiles/Drone.dir/Core/Src/stm32f4xx_hal_msp.c.obj
                0x08001c40                HAL_TIM_PWM_MspInit
 .text.HAL_TIM_Base_MspInit
                0x08001c70       0x70 CMakeFiles/Drone.dir/Core/Src/stm32f4xx_hal_msp.c.obj
                0x08001c70                HAL_TIM_Base_MspInit
 .text.HAL_TIM_MspPostInit
                0x08001ce0       0x58 CMakeFiles/Drone.dir/Core/Src/stm32f4xx_hal_msp.c.obj
                0x08001ce0                HAL_TIM_MspPostInit
 .text.HAL_UART_MspInit
                0x08001d38       0x6c CMakeFiles/Drone.dir/Core/Src/stm32f4xx_hal_msp.c.obj
                0x08001d38                HAL_UART_MspInit
 .text.ToggleLED
                0x08001da4       0x10 CMakeFiles/Drone.dir/Core/Src/tasks.c.obj
                0x08001da4                ToggleLED
 .text.Reset_Handler
                0x08001db4       0x50 CMakeFiles/Drone.dir/startup_stm32f411xe.s.obj
                0x08001db4                Reset_Handler
 .text.Default_Handler
                0x08001e04        0x2 CMakeFiles/Drone.dir/startup_stm32f411xe.s.obj
                0x08001e04                RTC_Alarm_IRQHandler
                0x08001e04                EXTI2_IRQHandler
                0x08001e04                SPI4_IRQHandler
                0x08001e04                TIM1_CC_IRQHandler
                0x08001e04                DMA2_Stream5_IRQHandler
                0x08001e04                DMA1_Stream5_IRQHandler
                0x08001e04                PVD_IRQHandler
                0x08001e04                SDIO_IRQHandler
                0x08001e04                TAMP_STAMP_IRQHandler
                0x08001e04                EXTI3_IRQHandler
                0x08001e04                TIM1_UP_TIM10_IRQHandler
                0x08001e04                I2C3_ER_IRQHandler
                0x08001e04                EXTI0_IRQHandler
                0x08001e04                I2C2_EV_IRQHandler
                0x08001e04                DMA1_Stream2_IRQHandler
                0x08001e04                FPU_IRQHandler
                0x08001e04                DMA2_Stream2_IRQHandler
                0x08001e04                SPI1_IRQHandler
                0x08001e04                TIM1_BRK_TIM9_IRQHandler
                0x08001e04                DMA2_Stream3_IRQHandler
                0x08001e04                USART6_IRQHandler
                0x08001e04                DMA2_Stream0_IRQHandler
                0x08001e04                TIM4_IRQHandler
                0x08001e04                I2C1_EV_IRQHandler
                0x08001e04                DMA1_Stream6_IRQHandler
                0x08001e04                DMA1_Stream1_IRQHandler
                0x08001e04                TIM3_IRQHandler
                0x08001e04                RCC_IRQHandler
                0x08001e04                Default_Handler
                0x08001e04                EXTI15_10_IRQHandler
                0x08001e04                ADC_IRQHandler
                0x08001e04                DMA1_Stream7_IRQHandler
                0x08001e04                SPI5_IRQHandler
                0x08001e04                TIM5_IRQHandler
                0x08001e04                DMA2_Stream7_IRQHandler
                0x08001e04                I2C3_EV_IRQHandler
                0x08001e04                EXTI9_5_IRQHandler
                0x08001e04                RTC_WKUP_IRQHandler
                0x08001e04                SPI2_IRQHandler
                0x08001e04                DMA1_Stream0_IRQHandler
                0x08001e04                EXTI4_IRQHandler
                0x08001e04                WWDG_IRQHandler
                0x08001e04                OTG_FS_WKUP_IRQHandler
                0x08001e04                TIM1_TRG_COM_TIM11_IRQHandler
                0x08001e04                EXTI1_IRQHandler
                0x08001e04                USART2_IRQHandler
                0x08001e04                I2C2_ER_IRQHandler
                0x08001e04                DMA2_Stream1_IRQHandler
                0x08001e04                FLASH_IRQHandler
                0x08001e04                DMA2_Stream4_IRQHandler
                0x08001e04                USART1_IRQHandler
                0x08001e04                OTG_FS_IRQHandler
                0x08001e04                SPI3_IRQHandler
                0x08001e04                DMA1_Stream4_IRQHandler
                0x08001e04                I2C1_ER_IRQHandler
                0x08001e04                DMA2_Stream6_IRQHandler
                0x08001e04                DMA1_Stream3_IRQHandler
 *(.glue_7)
 .glue_7        0x08001e06        0x0 linker stubs
 *(.glue_7t)
 .glue_7t       0x08001e06        0x0 linker stubs
 *(.eh_frame)
 *fill*         0x08001e06        0x2 
 .eh_frame      0x08001e08        0x0 C:/ST/STM32CubeCLT_1.18.0/GNU-tools-for-STM32/bin/../lib/gcc/arm-none-eabi/13.3.1/thumb/v7e-m+fp/hard/crtbegin.o
 *(.init)
 .init          0x08001e08        0x4 C:/ST/STM32CubeCLT_1.18.0/GNU-tools-for-STM32/bin/../lib/gcc/arm-none-eabi/13.3.1/thumb/v7e-m+fp/hard/crti.o
                0x08001e08                _init
 .init          0x08001e0c        0x8 C:/ST/STM32CubeCLT_1.18.0/GNU-tools-for-STM32/bin/../lib/gcc/arm-none-eabi/13.3.1/thumb/v7e-m+fp/hard/crtn.o
 *(.fini)
 .fini          0x08001e14        0x4 C:/ST/STM32CubeCLT_1.18.0/GNU-tools-for-STM32/bin/../lib/gcc/arm-none-eabi/13.3.1/thumb/v7e-m+fp/hard/crti.o
                0x08001e14                _fini
 .fini          0x08001e18        0x8 C:/ST/STM32CubeCLT_1.18.0/GNU-tools-for-STM32/bin/../lib/gcc/arm-none-eabi/13.3.1/thumb/v7e-m+fp/hard/crtn.o
                0x08001e20                        . = ALIGN (0x4)
                0x08001e20                        _etext = .

.vfp11_veneer   0x08001e20        0x0
 .vfp11_veneer  0x08001e20        0x0 linker stubs

.v4_bx          0x08001e20        0x0
 .v4_bx         0x08001e20        0x0 linker stubs

.iplt           0x08001e20        0x0
 .iplt          0x08001e20        0x0 C:/ST/STM32CubeCLT_1.18.0/GNU-tools-for-STM32/bin/../lib/gcc/arm-none-eabi/13.3.1/thumb/v7e-m+fp/hard/crtbegin.o

.rodata         0x08001e20       0x18
                0x08001e20                        . = ALIGN (0x4)
 *(.rodata)
 *(.rodata*)
 .rodata.APBPrescTable
                0x08001e20        0x8 cmake/stm32cubemx/CMakeFiles/STM32_Drivers.dir/__/__/Core/Src/system_stm32f4xx.c.obj
                0x08001e20                APBPrescTable
 .rodata.AHBPrescTable
                0x08001e28       0x10 cmake/stm32cubemx/CMakeFiles/STM32_Drivers.dir/__/__/Core/Src/system_stm32f4xx.c.obj
                0x08001e28                AHBPrescTable
                0x08001e38                        . = ALIGN (0x4)

.ARM.extab      0x08001e38        0x0
                0x08001e38                        . = ALIGN (0x4)
 *(.ARM.extab* .gnu.linkonce.armextab.*)
                0x08001e38                        . = ALIGN (0x4)

.ARM            0x08001e38        0x8
                0x08001e38                        . = ALIGN (0x4)
                0x08001e38                        __exidx_start = .
 *(.ARM.exidx*)
 .ARM.exidx     0x08001e38        0x8 C:/ST/STM32CubeCLT_1.18.0/GNU-tools-for-STM32/bin/../lib/gcc/arm-none-eabi/13.3.1/thumb/v7e-m+fp/hard\libgcc.a(_udivmoddi4.o)
                0x08001e40                        __exidx_end = .
                0x08001e40                        . = ALIGN (0x4)

.preinit_array  0x08001e40        0x0
                0x08001e40                        . = ALIGN (0x4)
                0x08001e40                        PROVIDE (__preinit_array_start = .)
 *(.preinit_array*)
                0x08001e40                        PROVIDE (__preinit_array_end = .)
                0x08001e40                        . = ALIGN (0x4)

.init_array     0x08001e40        0x4
                0x08001e40                        . = ALIGN (0x4)
                0x08001e40                        PROVIDE (__init_array_start = .)
 *(SORT_BY_NAME(.init_array.*))
 *(.init_array*)
 .init_array    0x08001e40        0x4 C:/ST/STM32CubeCLT_1.18.0/GNU-tools-for-STM32/bin/../lib/gcc/arm-none-eabi/13.3.1/thumb/v7e-m+fp/hard/crtbegin.o
                0x08001e44                        PROVIDE (__init_array_end = .)
                0x08001e44                        . = ALIGN (0x4)

.fini_array     0x08001e44        0x4
                0x08001e44                        . = ALIGN (0x4)
                [!provide]                        PROVIDE (__fini_array_start = .)
 *(SORT_BY_NAME(.fini_array.*))
 *(.fini_array*)
 .fini_array    0x08001e44        0x4 C:/ST/STM32CubeCLT_1.18.0/GNU-tools-for-STM32/bin/../lib/gcc/arm-none-eabi/13.3.1/thumb/v7e-m+fp/hard/crtbegin.o
                [!provide]                        PROVIDE (__fini_array_end = .)
                0x08001e48                        . = ALIGN (0x4)
                0x08001e48                        _sidata = LOADADDR (.data)

.rel.dyn        0x08001e48        0x0
 .rel.iplt      0x08001e48        0x0 C:/ST/STM32CubeCLT_1.18.0/GNU-tools-for-STM32/bin/../lib/gcc/arm-none-eabi/13.3.1/thumb/v7e-m+fp/hard/crtbegin.o

.data           0x20000000       0x10 load address 0x08001e48
                0x20000000                        . = ALIGN (0x4)
                0x20000000                        _sdata = .
 *(.data)
 *(.data*)
 .data.SystemCoreClock
                0x20000000        0x4 cmake/stm32cubemx/CMakeFiles/STM32_Drivers.dir/__/__/Core/Src/system_stm32f4xx.c.obj
                0x20000000                SystemCoreClock
 .data.uwTickFreq
                0x20000004        0x1 cmake/stm32cubemx/CMakeFiles/STM32_Drivers.dir/__/__/Drivers/STM32F4xx_HAL_Driver/Src/stm32f4xx_hal.c.obj
                0x20000004                uwTickFreq
 *fill*         0x20000005        0x3 
 .data.uwTickPrio
                0x20000008        0x4 cmake/stm32cubemx/CMakeFiles/STM32_Drivers.dir/__/__/Drivers/STM32F4xx_HAL_Driver/Src/stm32f4xx_hal.c.obj
                0x20000008                uwTickPrio
 .data.task_id_counter
                0x2000000c        0x1 CMakeFiles/Drone.dir/Core/Src/scheduler.c.obj
                0x2000000c                task_id_counter
 *(.RamFunc)
 *(.RamFunc*)
                0x20000010                        . = ALIGN (0x4)
 *fill*         0x2000000d        0x3 
                0x20000010                        _edata = .

.igot.plt       0x20000010        0x0 load address 0x08001e58
 .igot.plt      0x20000010        0x0 C:/ST/STM32CubeCLT_1.18.0/GNU-tools-for-STM32/bin/../lib/gcc/arm-none-eabi/13.3.1/thumb/v7e-m+fp/hard/crtbegin.o
                0x20000010                        . = ALIGN (0x4)

.bss            0x20000010      0x354 load address 0x08001e58
                0x20000010                        _sbss = .
                0x20000010                        __bss_start__ = _sbss
 *(.bss)
 .bss           0x20000010       0x1c C:/ST/STM32CubeCLT_1.18.0/GNU-tools-for-STM32/bin/../lib/gcc/arm-none-eabi/13.3.1/thumb/v7e-m+fp/hard/crtbegin.o
 *(.bss*)
 .bss.uwTick    0x2000002c        0x4 cmake/stm32cubemx/CMakeFiles/STM32_Drivers.dir/__/__/Drivers/STM32F4xx_HAL_Driver/Src/stm32f4xx_hal.c.obj
                0x2000002c                uwTick
 .bss.huart2    0x20000030       0x48 CMakeFiles/Drone.dir/Core/Src/main.c.obj
                0x20000030                huart2
 .bss.htim2     0x20000078       0x48 CMakeFiles/Drone.dir/Core/Src/main.c.obj
                0x20000078                htim2
 .bss.htim1     0x200000c0       0x48 CMakeFiles/Drone.dir/Core/Src/main.c.obj
                0x200000c0                htim1
 .bss.hi2c1     0x20000108       0x54 CMakeFiles/Drone.dir/Core/Src/main.c.obj
                0x20000108                hi2c1
 .bss.SCH_tick_counter
                0x2000015c        0x4 CMakeFiles/Drone.dir/Core/Src/scheduler.c.obj
                0x2000015c                SCH_tick_counter
 .bss.current_task_index
                0x20000160        0x1 CMakeFiles/Drone.dir/Core/Src/scheduler.c.obj
                0x20000160                current_task_index
 *fill*         0x20000161        0x3 
 .bss.SCH_tasks
                0x20000164      0x200 CMakeFiles/Drone.dir/Core/Src/scheduler.c.obj
                0x20000164                SCH_tasks
 *(COMMON)
                0x20000364                        . = ALIGN (0x4)
                0x20000364                        _ebss = .
                0x20000364                        __bss_end__ = _ebss

._user_heap_stack
                0x20000364     0x1004 load address 0x08001e58
                0x20000368                        . = ALIGN (0x8)
 *fill*         0x20000364        0x4 
                [!provide]                        PROVIDE (end = .)
                0x20000368                        PROVIDE (_end = .)
                0x20000b68                        . = (. + _Min_Heap_Size)
 *fill*         0x20000368      0x800 
                0x20001368                        . = (. + _Min_Stack_Size)
 *fill*         0x20000b68      0x800 
                0x20001368                        . = ALIGN (0x8)

/DISCARD/
 libc.a(*)
 libm.a(*)
 libgcc.a(*)
OUTPUT(Drone.elf elf32-littlearm)
LOAD linker stubs
LOAD C:/ST/STM32CubeCLT_1.18.0/GNU-tools-for-STM32/bin/../lib/gcc/arm-none-eabi/13.3.1/../../../../arm-none-eabi/lib/thumb/v7e-m+fp/hard\libc.a
LOAD C:/ST/STM32CubeCLT_1.18.0/GNU-tools-for-STM32/bin/../lib/gcc/arm-none-eabi/13.3.1/../../../../arm-none-eabi/lib/thumb/v7e-m+fp/hard\libm.a
LOAD C:/ST/STM32CubeCLT_1.18.0/GNU-tools-for-STM32/bin/../lib/gcc/arm-none-eabi/13.3.1/thumb/v7e-m+fp/hard\libgcc.a

.ARM.attributes
                0x00000000       0x30
 .ARM.attributes
                0x00000000       0x22 C:/ST/STM32CubeCLT_1.18.0/GNU-tools-for-STM32/bin/../lib/gcc/arm-none-eabi/13.3.1/thumb/v7e-m+fp/hard/crti.o
 .ARM.attributes
                0x00000022       0x34 C:/ST/STM32CubeCLT_1.18.0/GNU-tools-for-STM32/bin/../lib/gcc/arm-none-eabi/13.3.1/thumb/v7e-m+fp/hard/crtbegin.o
 .ARM.attributes
                0x00000056       0x34 C:/ST/STM32CubeCLT_1.18.0/GNU-tools-for-STM32/bin/../lib/gcc/arm-none-eabi/13.3.1/../../../../arm-none-eabi/lib/thumb/v7e-m+fp/hard\libc_nano.a(libc_a-memset.o)
 .ARM.attributes
                0x0000008a       0x34 C:/ST/STM32CubeCLT_1.18.0/GNU-tools-for-STM32/bin/../lib/gcc/arm-none-eabi/13.3.1/../../../../arm-none-eabi/lib/thumb/v7e-m+fp/hard\libc_nano.a(libc_a-init.o)
 .ARM.attributes
                0x000000be       0x34 cmake/stm32cubemx/CMakeFiles/STM32_Drivers.dir/__/__/Core/Src/system_stm32f4xx.c.obj
 .ARM.attributes
                0x000000f2       0x34 cmake/stm32cubemx/CMakeFiles/STM32_Drivers.dir/__/__/Drivers/STM32F4xx_HAL_Driver/Src/stm32f4xx_hal_i2c.c.obj
 .ARM.attributes
                0x00000126       0x34 cmake/stm32cubemx/CMakeFiles/STM32_Drivers.dir/__/__/Drivers/STM32F4xx_HAL_Driver/Src/stm32f4xx_hal_rcc.c.obj
 .ARM.attributes
                0x0000015a       0x34 cmake/stm32cubemx/CMakeFiles/STM32_Drivers.dir/__/__/Drivers/STM32F4xx_HAL_Driver/Src/stm32f4xx_hal_gpio.c.obj
 .ARM.attributes
                0x0000018e       0x34 cmake/stm32cubemx/CMakeFiles/STM32_Drivers.dir/__/__/Drivers/STM32F4xx_HAL_Driver/Src/stm32f4xx_hal_cortex.c.obj
 .ARM.attributes
                0x000001c2       0x34 cmake/stm32cubemx/CMakeFiles/STM32_Drivers.dir/__/__/Drivers/STM32F4xx_HAL_Driver/Src/stm32f4xx_hal.c.obj
 .ARM.attributes
                0x000001f6       0x34 cmake/stm32cubemx/CMakeFiles/STM32_Drivers.dir/__/__/Drivers/STM32F4xx_HAL_Driver/Src/stm32f4xx_hal_tim.c.obj
 .ARM.attributes
                0x0000022a       0x34 cmake/stm32cubemx/CMakeFiles/STM32_Drivers.dir/__/__/Drivers/STM32F4xx_HAL_Driver/Src/stm32f4xx_hal_tim_ex.c.obj
 .ARM.attributes
                0x0000025e       0x34 cmake/stm32cubemx/CMakeFiles/STM32_Drivers.dir/__/__/Drivers/STM32F4xx_HAL_Driver/Src/stm32f4xx_hal_uart.c.obj
 .ARM.attributes
                0x00000292       0x34 CMakeFiles/Drone.dir/Core/Src/main.c.obj
 .ARM.attributes
                0x000002c6       0x34 CMakeFiles/Drone.dir/Core/Src/scheduler.c.obj
 .ARM.attributes
                0x000002fa       0x34 CMakeFiles/Drone.dir/Core/Src/stm32f4xx_it.c.obj
 .ARM.attributes
                0x0000032e       0x34 CMakeFiles/Drone.dir/Core/Src/stm32f4xx_hal_msp.c.obj
 .ARM.attributes
                0x00000362       0x34 CMakeFiles/Drone.dir/Core/Src/tasks.c.obj
 .ARM.attributes
                0x00000396       0x21 CMakeFiles/Drone.dir/startup_stm32f411xe.s.obj
 .ARM.attributes
                0x000003b7       0x22 C:/ST/STM32CubeCLT_1.18.0/GNU-tools-for-STM32/bin/../lib/gcc/arm-none-eabi/13.3.1/thumb/v7e-m+fp/hard\libgcc.a(_aeabi_uldivmod.o)
 .ARM.attributes
                0x000003d9       0x34 C:/ST/STM32CubeCLT_1.18.0/GNU-tools-for-STM32/bin/../lib/gcc/arm-none-eabi/13.3.1/thumb/v7e-m+fp/hard\libgcc.a(_udivmoddi4.o)
 .ARM.attributes
                0x0000040d       0x22 C:/ST/STM32CubeCLT_1.18.0/GNU-tools-for-STM32/bin/../lib/gcc/arm-none-eabi/13.3.1/thumb/v7e-m+fp/hard\libgcc.a(_dvmd_tls.o)
 .ARM.attributes
                0x0000042f       0x22 C:/ST/STM32CubeCLT_1.18.0/GNU-tools-for-STM32/bin/../lib/gcc/arm-none-eabi/13.3.1/thumb/v7e-m+fp/hard/crtn.o

.comment        0x00000000       0x43
 .comment       0x00000000       0x43 cmake/stm32cubemx/CMakeFiles/STM32_Drivers.dir/__/__/Core/Src/system_stm32f4xx.c.obj
                                 0x44 (size before relaxing)
 .comment       0x00000043       0x44 cmake/stm32cubemx/CMakeFiles/STM32_Drivers.dir/__/__/Drivers/STM32F4xx_HAL_Driver/Src/stm32f4xx_hal_i2c.c.obj
 .comment       0x00000043       0x44 cmake/stm32cubemx/CMakeFiles/STM32_Drivers.dir/__/__/Drivers/STM32F4xx_HAL_Driver/Src/stm32f4xx_hal_rcc.c.obj
 .comment       0x00000043       0x44 cmake/stm32cubemx/CMakeFiles/STM32_Drivers.dir/__/__/Drivers/STM32F4xx_HAL_Driver/Src/stm32f4xx_hal_gpio.c.obj
 .comment       0x00000043       0x44 cmake/stm32cubemx/CMakeFiles/STM32_Drivers.dir/__/__/Drivers/STM32F4xx_HAL_Driver/Src/stm32f4xx_hal_cortex.c.obj
 .comment       0x00000043       0x44 cmake/stm32cubemx/CMakeFiles/STM32_Drivers.dir/__/__/Drivers/STM32F4xx_HAL_Driver/Src/stm32f4xx_hal.c.obj
 .comment       0x00000043       0x44 cmake/stm32cubemx/CMakeFiles/STM32_Drivers.dir/__/__/Drivers/STM32F4xx_HAL_Driver/Src/stm32f4xx_hal_tim.c.obj
 .comment       0x00000043       0x44 cmake/stm32cubemx/CMakeFiles/STM32_Drivers.dir/__/__/Drivers/STM32F4xx_HAL_Driver/Src/stm32f4xx_hal_tim_ex.c.obj
 .comment       0x00000043       0x44 cmake/stm32cubemx/CMakeFiles/STM32_Drivers.dir/__/__/Drivers/STM32F4xx_HAL_Driver/Src/stm32f4xx_hal_uart.c.obj
 .comment       0x00000043       0x44 CMakeFiles/Drone.dir/Core/Src/main.c.obj
 .comment       0x00000043       0x44 CMakeFiles/Drone.dir/Core/Src/scheduler.c.obj
 .comment       0x00000043       0x44 CMakeFiles/Drone.dir/Core/Src/stm32f4xx_it.c.obj
 .comment       0x00000043       0x44 CMakeFiles/Drone.dir/Core/Src/stm32f4xx_hal_msp.c.obj
 .comment       0x00000043       0x44 CMakeFiles/Drone.dir/Core/Src/tasks.c.obj

.debug_frame    0x00000000       0xac
 .debug_frame   0x00000000       0x20 C:/ST/STM32CubeCLT_1.18.0/GNU-tools-for-STM32/bin/../lib/gcc/arm-none-eabi/13.3.1/../../../../arm-none-eabi/lib/thumb/v7e-m+fp/hard\libc_nano.a(libc_a-memset.o)
 .debug_frame   0x00000020       0x2c C:/ST/STM32CubeCLT_1.18.0/GNU-tools-for-STM32/bin/../lib/gcc/arm-none-eabi/13.3.1/../../../../arm-none-eabi/lib/thumb/v7e-m+fp/hard\libc_nano.a(libc_a-init.o)
 .debug_frame   0x0000004c       0x2c C:/ST/STM32CubeCLT_1.18.0/GNU-tools-for-STM32/bin/../lib/gcc/arm-none-eabi/13.3.1/thumb/v7e-m+fp/hard\libgcc.a(_aeabi_uldivmod.o)
 .debug_frame   0x00000078       0x34 C:/ST/STM32CubeCLT_1.18.0/GNU-tools-for-STM32/bin/../lib/gcc/arm-none-eabi/13.3.1/thumb/v7e-m+fp/hard\libgcc.a(_udivmoddi4.o)
